Archive member included to satisfy reference by file (symbol)

/Users/tomdeeds/Documents/LPCXpresso_8.2.2/workspace/lpc_board_nxp_lpcxpresso_1769/Debug/liblpc_board_nxp_lpcxpresso_1769.a(board.o)
                              ./src/virtual_cane.o (Board_LED_Toggle)
/Users/tomdeeds/Documents/LPCXpresso_8.2.2/workspace/lpc_board_nxp_lpcxpresso_1769/Debug/liblpc_board_nxp_lpcxpresso_1769.a(board_sysinit.o)
                              ./src/sysinit.o (Board_SystemInit)
/Users/tomdeeds/Documents/LPCXpresso_8.2.2/workspace/lpc_chip_175x_6x/Debug/liblpc_chip_175x_6x.a(chip_17xx_40xx.o)
                              ./src/virtual_cane.o (SystemCoreClock)
/Users/tomdeeds/Documents/LPCXpresso_8.2.2/workspace/lpc_chip_175x_6x/Debug/liblpc_chip_175x_6x.a(clock_17xx_40xx.o)
                              /Users/tomdeeds/Documents/LPCXpresso_8.2.2/workspace/lpc_chip_175x_6x/Debug/liblpc_chip_175x_6x.a(chip_17xx_40xx.o) (Chip_Clock_EnablePLL)
/Users/tomdeeds/Documents/LPCXpresso_8.2.2/workspace/lpc_chip_175x_6x/Debug/liblpc_chip_175x_6x.a(i2c_17xx_40xx.o)
                              ./src/virtual_cane.o (Chip_I2C_EventHandler)
/Users/tomdeeds/Documents/LPCXpresso_8.2.2/workspace/lpc_chip_175x_6x/Debug/liblpc_chip_175x_6x.a(i2s_17xx_40xx.o)
                              /Users/tomdeeds/Documents/LPCXpresso_8.2.2/workspace/lpc_board_nxp_lpcxpresso_1769/Debug/liblpc_board_nxp_lpcxpresso_1769.a(board.o) (Chip_I2S_Init)
/Users/tomdeeds/Documents/LPCXpresso_8.2.2/workspace/lpc_chip_175x_6x/Debug/liblpc_chip_175x_6x.a(iocon_17xx_40xx.o)
                              /Users/tomdeeds/Documents/LPCXpresso_8.2.2/workspace/lpc_board_nxp_lpcxpresso_1769/Debug/liblpc_board_nxp_lpcxpresso_1769.a(board.o) (Chip_IOCON_PinMux)
/Users/tomdeeds/Documents/LPCXpresso_8.2.2/workspace/lpc_chip_175x_6x/Debug/liblpc_chip_175x_6x.a(pwm_17xx_40xx.o)
                              ./src/virtual_cane.o (Chip_PWM_Reset)
/Users/tomdeeds/Documents/LPCXpresso_8.2.2/workspace/lpc_chip_175x_6x/Debug/liblpc_chip_175x_6x.a(sysinit_17xx_40xx.o)
                              /Users/tomdeeds/Documents/LPCXpresso_8.2.2/workspace/lpc_board_nxp_lpcxpresso_1769/Debug/liblpc_board_nxp_lpcxpresso_1769.a(board_sysinit.o) (Chip_SetupXtalClocking)
/Users/tomdeeds/Documents/LPCXpresso_8.2.2/workspace/lpc_chip_175x_6x/Debug/liblpc_chip_175x_6x.a(uart_17xx_40xx.o)
                              /Users/tomdeeds/Documents/LPCXpresso_8.2.2/workspace/lpc_board_nxp_lpcxpresso_1769/Debug/liblpc_board_nxp_lpcxpresso_1769.a(board.o) (Chip_UART_Init)
/Users/tomdeeds/Documents/LPCXpresso_8.2.2/workspace/lpc_chip_175x_6x/Debug/liblpc_chip_175x_6x.a(ring_buffer.o)
                              /Users/tomdeeds/Documents/LPCXpresso_8.2.2/workspace/lpc_chip_175x_6x/Debug/liblpc_chip_175x_6x.a(uart_17xx_40xx.o) (RingBuffer_Insert)
/Applications/lpcxpresso_8.2.2_650/lpcxpresso/tools/bin/../lib/gcc/arm-none-eabi/5.4.1/../../../../arm-none-eabi/lib/armv7-m/libcr_c.a(memcpy.o)
                              /Users/tomdeeds/Documents/LPCXpresso_8.2.2/workspace/lpc_board_nxp_lpcxpresso_1769/Debug/liblpc_board_nxp_lpcxpresso_1769.a(board.o) (memcpy)
/Applications/lpcxpresso_8.2.2_650/lpcxpresso/tools/bin/../lib/gcc/arm-none-eabi/5.4.1/../../../../arm-none-eabi/lib/armv7-m/libcr_c.a(__weak__main.o)
                              ./src/cr_startup_lpc175x_6x.o (__main)
/Applications/lpcxpresso_8.2.2_650/lpcxpresso/tools/bin/../lib/gcc/arm-none-eabi/5.4.1/armv7-m/libcr_eabihelpers.a(division_64.o)
                              /Users/tomdeeds/Documents/LPCXpresso_8.2.2/workspace/lpc_chip_175x_6x/Debug/liblpc_chip_175x_6x.a(i2s_17xx_40xx.o) (__aeabi_uldivmod)
/Applications/lpcxpresso_8.2.2_650/lpcxpresso/tools/bin/../lib/gcc/arm-none-eabi/5.4.1/armv7-m/libcr_eabihelpers.a(division_idiv0.o)
                              /Applications/lpcxpresso_8.2.2_650/lpcxpresso/tools/bin/../lib/gcc/arm-none-eabi/5.4.1/armv7-m/libcr_eabihelpers.a(division_64.o) (__aeabi_idiv0)
/Applications/lpcxpresso_8.2.2_650/lpcxpresso/tools/bin/../lib/gcc/arm-none-eabi/5.4.1/armv7-m/libcr_eabihelpers.a(memcpy.o)
                              /Applications/lpcxpresso_8.2.2_650/lpcxpresso/tools/bin/../lib/gcc/arm-none-eabi/5.4.1/../../../../arm-none-eabi/lib/armv7-m/libcr_c.a(memcpy.o) (__aeabi_memcpy)

Allocating common symbols
Common symbol       size              file

SystemCoreClock     0x4               /Users/tomdeeds/Documents/LPCXpresso_8.2.2/workspace/lpc_chip_175x_6x/Debug/liblpc_chip_175x_6x.a(chip_17xx_40xx.o)

Discarded input sections

 .group         0x0000000000000000        0x8 ./src/cr_startup_lpc175x_6x.o
 .text          0x0000000000000000        0x0 ./src/cr_startup_lpc175x_6x.o
 .data          0x0000000000000000        0x0 ./src/cr_startup_lpc175x_6x.o
 .bss           0x0000000000000000        0x0 ./src/cr_startup_lpc175x_6x.o
 .group         0x0000000000000000        0x8 ./src/crp.o
 .group         0x0000000000000000        0x8 ./src/crp.o
 .text          0x0000000000000000        0x0 ./src/crp.o
[...]
Memory Configuration

Name             Origin             Length             Attributes
MFlash512        0x0000000000000000 0x0000000000080000 xr
RamLoc32         0x0000000010000000 0x0000000000008000 xrw
RamAHB32         0x000000002007c000 0x0000000000008000 xrw
*default*        0x0000000000000000 0xffffffffffffffff

Linker script and memory map

LOAD ./src/cr_startup_lpc175x_6x.o
LOAD ./src/crp.o
LOAD ./src/sysinit.o
LOAD ./src/virtual_cane.o
LOAD /Users/tomdeeds/Documents/LPCXpresso_8.2.2/workspace/lpc_board_nxp_lpcxpresso_1769/Debug/liblpc_board_nxp_lpcxpresso_1769.a
LOAD /Users/tomdeeds/Documents/LPCXpresso_8.2.2/workspace/lpc_chip_175x_6x/Debug/liblpc_chip_175x_6x.a
START GROUP
LOAD /Applications/lpcxpresso_8.2.2_650/lpcxpresso/tools/bin/../lib/gcc/arm-none-eabi/5.4.1/../../../../arm-none-eabi/lib/armv7-m/libcr_c.a
LOAD /Applications/lpcxpresso_8.2.2_650/lpcxpresso/tools/bin/../lib/gcc/arm-none-eabi/5.4.1/armv7-m/libcr_eabihelpers.a
END GROUP
                0x0000000000000000                __base_MFlash512 = 0x0
                0x0000000000000000                __base_Flash = 0x0
                0x0000000000080000                __top_MFlash512 = 0x80000
                0x0000000000080000                __top_Flash = 0x80000
                0x0000000010000000                __base_RamLoc32 = 0x10000000
                0x0000000010000000                __base_RAM = 0x10000000
                0x0000000010008000                __top_RamLoc32 = 0x10008000
                0x0000000010008000                __top_RAM = 0x10008000
                0x000000002007c000                __base_RamAHB32 = 0x2007c000
                0x000000002007c000                __base_RAM2 = 0x2007c000
                0x0000000020084000                __top_RamAHB32 = 0x20084000
                0x0000000020084000                __top_RAM2 = 0x20084000

.text           0x0000000000000000     0x2288
 FILL mask 0xff
                0x0000000000000000                __vectors_start__ = ABSOLUTE (.)
 *(.isr_vector)
 .isr_vector    0x0000000000000000       0xcc ./src/cr_startup_lpc175x_6x.o
                0x0000000000000000                g_pfnVectors
                0x00000000000000cc                . = ALIGN (0x4)
                0x00000000000000cc                __section_table_start = .
                0x00000000000000cc                __data_section_table = .
                0x00000000000000cc        0x4 LONG 0x2288 LOADADDR (.data)
                0x00000000000000d0        0x4 LONG 0x10000000 ADDR (.data)
                0x00000000000000d4        0x4 LONG 0x58 SIZEOF (.data)
                0x00000000000000d8        0x4 LONG 0x2288 LOADADDR (.data_RAM2)
                0x00000000000000dc        0x4 LONG 0x2007c000 ADDR (.data_RAM2)
                0x00000000000000e0        0x4 LONG 0x0 SIZEOF (.data_RAM2)
                0x00000000000000e4                __data_section_table_end = .
                0x00000000000000e4                __bss_section_table = .
                0x00000000000000e4        0x4 LONG 0x10000058 ADDR (.bss)
                0x00000000000000e8        0x4 LONG 0x88 SIZEOF (.bss)
                0x00000000000000ec        0x4 LONG 0x2007c000 ADDR (.bss_RAM2)
                0x00000000000000f0        0x4 LONG 0x0 SIZEOF (.bss_RAM2)
                0x00000000000000f4                __bss_section_table_end = .
                0x00000000000000f4                __section_table_end = .
 *(.after_vectors*)
 .after_vectors
                0x00000000000000f4      0x144 ./src/cr_startup_lpc175x_6x.o
                0x00000000000000f4                data_init
                0x0000000000000138                bss_init
                0x0000000000000170                ResetISR
                0x00000000000001e8                NMI_Handler
                0x00000000000001f0                HardFault_Handler
                0x00000000000001f8                MemManage_Handler
                0x0000000000000200                BusFault_Handler
                0x0000000000000208                UsageFault_Handler
                0x0000000000000210                SVC_Handler
                0x0000000000000218                DebugMon_Handler
                0x0000000000000220                PendSV_Handler
                0x0000000000000230                IntDefaultHandler
                0x0000000000000230                PLL0_IRQHandler
                0x0000000000000230                CAN_IRQHandler
                0x0000000000000230                PLL1_IRQHandler
                0x0000000000000230                SSP0_IRQHandler
                0x0000000000000230                I2S_IRQHandler
                0x0000000000000230                I2C2_IRQHandler
                0x0000000000000230                RTC_IRQHandler
                0x0000000000000230                TIMER0_IRQHandler
                0x0000000000000230                SPI_IRQHandler
                0x0000000000000230                EINT1_IRQHandler
                0x0000000000000230                TIMER1_IRQHandler
                0x0000000000000230                UART2_IRQHandler
                0x0000000000000230                ADC_IRQHandler
                0x0000000000000230                SSP1_IRQHandler
                0x0000000000000230                USB_IRQHandler
                0x0000000000000230                BOD_IRQHandler
                0x0000000000000230                WDT_IRQHandler
                0x0000000000000230                QEI_IRQHandler
                0x0000000000000230                EINT0_IRQHandler
                0x0000000000000230                ETH_IRQHandler
                0x0000000000000230                DMA_IRQHandler
                0x0000000000000230                UART3_IRQHandler
                0x0000000000000230                TIMER2_IRQHandler
                0x0000000000000230                MCPWM_IRQHandler
                0x0000000000000230                RIT_IRQHandler
                0x0000000000000230                USBActivity_IRQHandler
                0x0000000000000230                PWM1_IRQHandler
                0x0000000000000230                I2C1_IRQHandler
                0x0000000000000230                EINT2_IRQHandler
                0x0000000000000230                UART1_IRQHandler
                0x0000000000000230                EINT3_IRQHandler
                0x0000000000000230                CANActivity_IRQHandler
                0x0000000000000230                TIMER3_IRQHandler
                0x0000000000000230                UART0_IRQHandler
                0x00000000000002fc                . = 0x2fc
 *fill*         0x0000000000000238       0xc4 ff
                0x00000000000002fc                PROVIDE (__CRP_WORD_START__, .)
 *(.crp)
 .crp           0x00000000000002fc        0x4 ./src/crp.o
                0x00000000000002fc                CRP_WORD
                0x0000000000000300                PROVIDE (__CRP_WORD_END__, .)
                0x0000000000000001                ASSERT (! ((__CRP_WORD_START__ == __CRP_WORD_END__)), Linker CRP Enabled, but no CRP_WORD provided within application)
 *(.text*)
 .text.SystemInit
                0x0000000000000300       0x24 ./src/sysinit.o
                0x0000000000000300                SystemInit
 .text.NVIC_EnableIRQ
                0x0000000000000324       0x30 ./src/virtual_cane.o
 .text.NVIC_DisableIRQ
                0x0000000000000354       0x34 ./src/virtual_cane.o
 .text.NVIC_SetPriority
                0x0000000000000388       0x54 ./src/virtual_cane.o
 .text.SysTick_Config
                0x00000000000003dc       0x44 ./src/virtual_cane.o
 .text.i2c_state_handling
                0x0000000000000420       0x34 ./src/virtual_cane.o
 .text.i2c_set_mode
                0x0000000000000454       0x84 ./src/virtual_cane.o
 .text.I2C0_IRQHandler
                0x00000000000004d8       0x10 ./src/virtual_cane.o
                0x00000000000004d8                I2C0_IRQHandler
 .text.i2c_app_init
                0x00000000000004e8       0x3c ./src/virtual_cane.o
 .text.haptic_trigger_mode
                0x0000000000000524       0x24 ./src/virtual_cane.o
                0x0000000000000524                haptic_trigger_mode
 .text.haptic_set_waveform_queue
                0x0000000000000548       0x24 ./src/virtual_cane.o
                0x0000000000000548                haptic_set_waveform_queue
 .text.haptic_select_waveform_library
                0x000000000000056c       0x48 ./src/virtual_cane.o
                0x000000000000056c                haptic_select_waveform_library
 .text.haptic_trigger_waveform
                0x00000000000005b4       0x40 ./src/virtual_cane.o
                0x00000000000005b4                haptic_trigger_waveform
 .text.haptic_init
                0x00000000000005f4       0x38 ./src/virtual_cane.o
                0x00000000000005f4                haptic_init
 .text.haptic_notify
                0x000000000000062c       0x10 ./src/virtual_cane.o
                0x000000000000062c                haptic_notify
 .text.haptic_calibrate
                0x000000000000063c      0x100 ./src/virtual_cane.o
                0x000000000000063c                haptic_calibrate
 .text.distance_to_sound
                0x000000000000073c       0xa0 ./src/virtual_cane.o
                0x000000000000073c                distance_to_sound
 .text.SysTick_Handler
                0x00000000000007dc       0x64 ./src/virtual_cane.o
                0x00000000000007dc                SysTick_Handler
 .text.main     0x0000000000000840       0x3c ./src/virtual_cane.o
                0x0000000000000840                main
 .text.Chip_IOCON_Init
                0x000000000000087c       0x18 /Users/tomdeeds/Documents/LPCXpresso_8.2.2/workspace/lpc_board_nxp_lpcxpresso_1769/Debug/liblpc_board_nxp_lpcxpresso_1769.a(board.o)
 .text.Chip_IOCON_EnableOD
                0x0000000000000894       0x38 /Users/tomdeeds/Documents/LPCXpresso_8.2.2/workspace/lpc_board_nxp_lpcxpresso_1769/Debug/liblpc_board_nxp_lpcxpresso_1769.a(board.o)
 .text.Chip_IOCON_SetI2CPad
                0x00000000000008cc       0x1c /Users/tomdeeds/Documents/LPCXpresso_8.2.2/workspace/lpc_board_nxp_lpcxpresso_1769/Debug/liblpc_board_nxp_lpcxpresso_1769.a(board.o)
 .text.Chip_GPIO_Init
                0x00000000000008e8       0x18 /Users/tomdeeds/Documents/LPCXpresso_8.2.2/workspace/lpc_board_nxp_lpcxpresso_1769/Debug/liblpc_board_nxp_lpcxpresso_1769.a(board.o)
 .text.Chip_GPIO_SetPinState
                0x0000000000000900       0x68 /Users/tomdeeds/Documents/LPCXpresso_8.2.2/workspace/lpc_board_nxp_lpcxpresso_1769/Debug/liblpc_board_nxp_lpcxpresso_1769.a(board.o)
 .text.Chip_GPIO_WritePortBit
                0x0000000000000968       0x2c /Users/tomdeeds/Documents/LPCXpresso_8.2.2/workspace/lpc_board_nxp_lpcxpresso_1769/Debug/liblpc_board_nxp_lpcxpresso_1769.a(board.o)
 .text.Chip_GPIO_GetPinState
                0x0000000000000994       0x38 /Users/tomdeeds/Documents/LPCXpresso_8.2.2/workspace/lpc_board_nxp_lpcxpresso_1769/Debug/liblpc_board_nxp_lpcxpresso_1769.a(board.o)
 .text.Chip_GPIO_ReadPortBit
                0x00000000000009cc       0x28 /Users/tomdeeds/Documents/LPCXpresso_8.2.2/workspace/lpc_board_nxp_lpcxpresso_1769/Debug/liblpc_board_nxp_lpcxpresso_1769.a(board.o)
 .text.Chip_GPIO_SetPinDIROutput
                0x00000000000009f4       0x38 /Users/tomdeeds/Documents/LPCXpresso_8.2.2/workspace/lpc_board_nxp_lpcxpresso_1769/Debug/liblpc_board_nxp_lpcxpresso_1769.a(board.o)
 .text.Chip_GPIO_SetPinDIRInput
                0x0000000000000a2c       0x3c /Users/tomdeeds/Documents/LPCXpresso_8.2.2/workspace/lpc_board_nxp_lpcxpresso_1769/Debug/liblpc_board_nxp_lpcxpresso_1769.a(board.o)
 .text.Chip_GPIO_SetPinDIR
                0x0000000000000a68       0x44 /Users/tomdeeds/Documents/LPCXpresso_8.2.2/workspace/lpc_board_nxp_lpcxpresso_1769/Debug/liblpc_board_nxp_lpcxpresso_1769.a(board.o)
 .text.Chip_GPIO_WriteDirBit
                0x0000000000000aac       0x30 /Users/tomdeeds/Documents/LPCXpresso_8.2.2/workspace/lpc_board_nxp_lpcxpresso_1769/Debug/liblpc_board_nxp_lpcxpresso_1769.a(board.o)
 .text.Chip_UART_ConfigData
                0x0000000000000adc       0x1c /Users/tomdeeds/Documents/LPCXpresso_8.2.2/workspace/lpc_board_nxp_lpcxpresso_1769/Debug/liblpc_board_nxp_lpcxpresso_1769.a(board.o)
 .text.Board_LED_Init
                0x0000000000000af8       0x18 /Users/tomdeeds/Documents/LPCXpresso_8.2.2/workspace/lpc_board_nxp_lpcxpresso_1769/Debug/liblpc_board_nxp_lpcxpresso_1769.a(board.o)
 .text.Board_UART_Init
                0x0000000000000b10       0x14 /Users/tomdeeds/Documents/LPCXpresso_8.2.2/workspace/lpc_board_nxp_lpcxpresso_1769/Debug/liblpc_board_nxp_lpcxpresso_1769.a(board.o)
                0x0000000000000b10                Board_UART_Init
 .text.Board_Debug_Init
                0x0000000000000b24       0x30 /Users/tomdeeds/Documents/LPCXpresso_8.2.2/workspace/lpc_board_nxp_lpcxpresso_1769/Debug/liblpc_board_nxp_lpcxpresso_1769.a(board.o)
                0x0000000000000b24                Board_Debug_Init
 .text.Board_LED_Set
                0x0000000000000b54       0x30 /Users/tomdeeds/Documents/LPCXpresso_8.2.2/workspace/lpc_board_nxp_lpcxpresso_1769/Debug/liblpc_board_nxp_lpcxpresso_1769.a(board.o)
                0x0000000000000b54                Board_LED_Set
 .text.Board_LED_Test
                0x0000000000000b84       0x30 /Users/tomdeeds/Documents/LPCXpresso_8.2.2/workspace/lpc_board_nxp_lpcxpresso_1769/Debug/liblpc_board_nxp_lpcxpresso_1769.a(board.o)
                0x0000000000000b84                Board_LED_Test
 .text.Board_LED_Toggle
                0x0000000000000bb4       0x44 /Users/tomdeeds/Documents/LPCXpresso_8.2.2/workspace/lpc_board_nxp_lpcxpresso_1769/Debug/liblpc_board_nxp_lpcxpresso_1769.a(board.o)
                0x0000000000000bb4                Board_LED_Toggle
 .text.Board_Init
                0x0000000000000bf8       0x24 /Users/tomdeeds/Documents/LPCXpresso_8.2.2/workspace/lpc_board_nxp_lpcxpresso_1769/Debug/liblpc_board_nxp_lpcxpresso_1769.a(board.o)
                0x0000000000000bf8                Board_Init
 .text.Board_I2C_Init
                0x0000000000000c1c       0xbc /Users/tomdeeds/Documents/LPCXpresso_8.2.2/workspace/lpc_board_nxp_lpcxpresso_1769/Debug/liblpc_board_nxp_lpcxpresso_1769.a(board.o)
                0x0000000000000c1c                Board_I2C_Init
 .text.Chip_SYSCTL_SetFLASHAccess
                0x0000000000000cd8       0x30 /Users/tomdeeds/Documents/LPCXpresso_8.2.2/workspace/lpc_board_nxp_lpcxpresso_1769/Debug/liblpc_board_nxp_lpcxpresso_1769.a(board_sysinit.o)
 .text.Board_SetupMuxing
                0x0000000000000d08       0x1c /Users/tomdeeds/Documents/LPCXpresso_8.2.2/workspace/lpc_board_nxp_lpcxpresso_1769/Debug/liblpc_board_nxp_lpcxpresso_1769.a(board_sysinit.o)
                0x0000000000000d08                Board_SetupMuxing
 .text.Board_SetupClocking
                0x0000000000000d24       0x14 /Users/tomdeeds/Documents/LPCXpresso_8.2.2/workspace/lpc_board_nxp_lpcxpresso_1769/Debug/liblpc_board_nxp_lpcxpresso_1769.a(board_sysinit.o)
                0x0000000000000d24                Board_SetupClocking
 .text.Board_SystemInit
                0x0000000000000d38       0x10 /Users/tomdeeds/Documents/LPCXpresso_8.2.2/workspace/lpc_board_nxp_lpcxpresso_1769/Debug/liblpc_board_nxp_lpcxpresso_1769.a(board_sysinit.o)
                0x0000000000000d38                Board_SystemInit
 .text.SystemCoreClockUpdate
                0x0000000000000d48       0x18 /Users/tomdeeds/Documents/LPCXpresso_8.2.2/workspace/lpc_chip_175x_6x/Debug/liblpc_chip_175x_6x.a(chip_17xx_40xx.o)
                0x0000000000000d48                SystemCoreClockUpdate
 .text.Chip_Clock_IsMainPLLEnabled
                0x0000000000000d60       0x24 /Users/tomdeeds/Documents/LPCXpresso_8.2.2/workspace/lpc_chip_175x_6x/Debug/liblpc_chip_175x_6x.a(clock_17xx_40xx.o)
 .text.Chip_Clock_IsMainPLLConnected
                0x0000000000000d84       0x24 /Users/tomdeeds/Documents/LPCXpresso_8.2.2/workspace/lpc_chip_175x_6x/Debug/liblpc_chip_175x_6x.a(clock_17xx_40xx.o)
 .text.Chip_Clock_FeedPLL
                0x0000000000000da8       0x34 /Users/tomdeeds/Documents/LPCXpresso_8.2.2/workspace/lpc_chip_175x_6x/Debug/liblpc_chip_175x_6x.a(clock_17xx_40xx.o)
 .text.Chip_Clock_GetMainPLLSource
                0x0000000000000ddc       0x20 /Users/tomdeeds/Documents/LPCXpresso_8.2.2/workspace/lpc_chip_175x_6x/Debug/liblpc_chip_175x_6x.a(clock_17xx_40xx.o)
 .text.Chip_Clock_GetMainOscRate
                0x0000000000000dfc       0x14 /Users/tomdeeds/Documents/LPCXpresso_8.2.2/workspace/lpc_chip_175x_6x/Debug/liblpc_chip_175x_6x.a(clock_17xx_40xx.o)
 .text.Chip_Clock_GetIntOscRate
                0x0000000000000e10       0x14 /Users/tomdeeds/Documents/LPCXpresso_8.2.2/workspace/lpc_chip_175x_6x/Debug/liblpc_chip_175x_6x.a(clock_17xx_40xx.o)
 .text.Chip_Clock_GetRTCOscRate
                0x0000000000000e24       0x14 /Users/tomdeeds/Documents/LPCXpresso_8.2.2/workspace/lpc_chip_175x_6x/Debug/liblpc_chip_175x_6x.a(clock_17xx_40xx.o)
 .text.Chip_Clock_GetMainPLLInClockRate
                0x0000000000000e38       0x10 /Users/tomdeeds/Documents/LPCXpresso_8.2.2/workspace/lpc_chip_175x_6x/Debug/liblpc_chip_175x_6x.a(clock_17xx_40xx.o)
 .text.Chip_Clock_EnablePLL
                0x0000000000000e48       0x44 /Users/tomdeeds/Documents/LPCXpresso_8.2.2/workspace/lpc_chip_175x_6x/Debug/liblpc_chip_175x_6x.a(clock_17xx_40xx.o)
                0x0000000000000e48                Chip_Clock_EnablePLL
 .text.Chip_Clock_DisablePLL
                0x0000000000000e8c       0x48 /Users/tomdeeds/Documents/LPCXpresso_8.2.2/workspace/lpc_chip_175x_6x/Debug/liblpc_chip_175x_6x.a(clock_17xx_40xx.o)
                0x0000000000000e8c                Chip_Clock_DisablePLL
 .text.Chip_Clock_SetupPLL
                0x0000000000000ed4       0x5c /Users/tomdeeds/Documents/LPCXpresso_8.2.2/workspace/lpc_chip_175x_6x/Debug/liblpc_chip_175x_6x.a(clock_17xx_40xx.o)
                0x0000000000000ed4                Chip_Clock_SetupPLL
 .text.Chip_Clock_EnablePeriphClock
                0x0000000000000f30       0x34 /Users/tomdeeds/Documents/LPCXpresso_8.2.2/workspace/lpc_chip_175x_6x/Debug/liblpc_chip_175x_6x.a(clock_17xx_40xx.o)
                0x0000000000000f30                Chip_Clock_EnablePeriphClock
 .text.Chip_Clock_GetCPUClockSource
                0x0000000000000f64       0x24 /Users/tomdeeds/Documents/LPCXpresso_8.2.2/workspace/lpc_chip_175x_6x/Debug/liblpc_chip_175x_6x.a(clock_17xx_40xx.o)
                0x0000000000000f64                Chip_Clock_GetCPUClockSource
 .text.Chip_Clock_SetCPUClockDiv
                0x0000000000000f88       0x20 /Users/tomdeeds/Documents/LPCXpresso_8.2.2/workspace/lpc_chip_175x_6x/Debug/liblpc_chip_175x_6x.a(clock_17xx_40xx.o)
                0x0000000000000f88                Chip_Clock_SetCPUClockDiv
 .text.Chip_Clock_GetCPUClockDiv
                0x0000000000000fa8       0x1c /Users/tomdeeds/Documents/LPCXpresso_8.2.2/workspace/lpc_chip_175x_6x/Debug/liblpc_chip_175x_6x.a(clock_17xx_40xx.o)
                0x0000000000000fa8                Chip_Clock_GetCPUClockDiv
 .text.Chip_Clock_GetPCLKDiv
                0x0000000000000fc4       0x8c /Users/tomdeeds/Documents/LPCXpresso_8.2.2/workspace/lpc_chip_175x_6x/Debug/liblpc_chip_175x_6x.a(clock_17xx_40xx.o)
                0x0000000000000fc4                Chip_Clock_GetPCLKDiv
 .text.Chip_Clock_GetSYSCLKRate
                0x0000000000001050       0x34 /Users/tomdeeds/Documents/LPCXpresso_8.2.2/workspace/lpc_chip_175x_6x/Debug/liblpc_chip_175x_6x.a(clock_17xx_40xx.o)
                0x0000000000001050                Chip_Clock_GetSYSCLKRate
 .text.Chip_Clock_GetMainPLLOutClockRate
                0x0000000000001084       0x54 /Users/tomdeeds/Documents/LPCXpresso_8.2.2/workspace/lpc_chip_175x_6x/Debug/liblpc_chip_175x_6x.a(clock_17xx_40xx.o)
                0x0000000000001084                Chip_Clock_GetMainPLLOutClockRate
 .text.Chip_Clock_GetMainClockRate
                0x00000000000010d8       0x28 /Users/tomdeeds/Documents/LPCXpresso_8.2.2/workspace/lpc_chip_175x_6x/Debug/liblpc_chip_175x_6x.a(clock_17xx_40xx.o)
                0x00000000000010d8                Chip_Clock_GetMainClockRate
 .text.Chip_Clock_GetSystemClockRate
                0x0000000000001100       0x18 /Users/tomdeeds/Documents/LPCXpresso_8.2.2/workspace/lpc_chip_175x_6x/Debug/liblpc_chip_175x_6x.a(clock_17xx_40xx.o)
                0x0000000000001100                Chip_Clock_GetSystemClockRate
 .text.Chip_Clock_GetPeripheralClockRate
                0x0000000000001118       0x28 /Users/tomdeeds/Documents/LPCXpresso_8.2.2/workspace/lpc_chip_175x_6x/Debug/liblpc_chip_175x_6x.a(clock_17xx_40xx.o)
                0x0000000000001118                Chip_Clock_GetPeripheralClockRate
 .text.enableClk
                0x0000000000001140       0x30 /Users/tomdeeds/Documents/LPCXpresso_8.2.2/workspace/lpc_chip_175x_6x/Debug/liblpc_chip_175x_6x.a(i2c_17xx_40xx.o)
 .text.getClkRate
                0x0000000000001170       0x24 /Users/tomdeeds/Documents/LPCXpresso_8.2.2/workspace/lpc_chip_175x_6x/Debug/liblpc_chip_175x_6x.a(i2c_17xx_40xx.o)
 .text.startMasterXfer
                0x0000000000001194       0x20 /Users/tomdeeds/Documents/LPCXpresso_8.2.2/workspace/lpc_chip_175x_6x/Debug/liblpc_chip_175x_6x.a(i2c_17xx_40xx.o)
 .text.startSlaverXfer
                0x00000000000011b4       0x20 /Users/tomdeeds/Documents/LPCXpresso_8.2.2/workspace/lpc_chip_175x_6x/Debug/liblpc_chip_175x_6x.a(i2c_17xx_40xx.o)
 .text.isI2CBusFree
                0x00000000000011d4       0x24 /Users/tomdeeds/Documents/LPCXpresso_8.2.2/workspace/lpc_chip_175x_6x/Debug/liblpc_chip_175x_6x.a(i2c_17xx_40xx.o)
 .text.getCurState
                0x00000000000011f8       0x1c /Users/tomdeeds/Documents/LPCXpresso_8.2.2/workspace/lpc_chip_175x_6x/Debug/liblpc_chip_175x_6x.a(i2c_17xx_40xx.o)
 .text.isMasterState
                0x0000000000001214       0x24 /Users/tomdeeds/Documents/LPCXpresso_8.2.2/workspace/lpc_chip_175x_6x/Debug/liblpc_chip_175x_6x.a(i2c_17xx_40xx.o)
 .text.isSlaveAddrMatching
                0x0000000000001238       0x40 /Users/tomdeeds/Documents/LPCXpresso_8.2.2/workspace/lpc_chip_175x_6x/Debug/liblpc_chip_175x_6x.a(i2c_17xx_40xx.o)
 .text.lookupSlaveIndex
                0x0000000000001278       0x9c /Users/tomdeeds/Documents/LPCXpresso_8.2.2/workspace/lpc_chip_175x_6x/Debug/liblpc_chip_175x_6x.a(i2c_17xx_40xx.o)
 .text.handleMasterXferState
                0x0000000000001314      0x284 /Users/tomdeeds/Documents/LPCXpresso_8.2.2/workspace/lpc_chip_175x_6x/Debug/liblpc_chip_175x_6x.a(i2c_17xx_40xx.o)
                0x0000000000001314                handleMasterXferState
 .text.getSlaveIndex
                0x0000000000001598       0x4c /Users/tomdeeds/Documents/LPCXpresso_8.2.2/workspace/lpc_chip_175x_6x/Debug/liblpc_chip_175x_6x.a(i2c_17xx_40xx.o)
                0x0000000000001598                getSlaveIndex
 .text.handleSlaveXferState
                0x00000000000015e4      0x2b8 /Users/tomdeeds/Documents/LPCXpresso_8.2.2/workspace/lpc_chip_175x_6x/Debug/liblpc_chip_175x_6x.a(i2c_17xx_40xx.o)
                0x00000000000015e4                handleSlaveXferState
 .text.Chip_I2C_EventHandler
                0x000000000000189c       0x4c /Users/tomdeeds/Documents/LPCXpresso_8.2.2/workspace/lpc_chip_175x_6x/Debug/liblpc_chip_175x_6x.a(i2c_17xx_40xx.o)
                0x000000000000189c                Chip_I2C_EventHandler
 .text.Chip_I2C_EventHandlerPolling
                0x00000000000018e8       0x60 /Users/tomdeeds/Documents/LPCXpresso_8.2.2/workspace/lpc_chip_175x_6x/Debug/liblpc_chip_175x_6x.a(i2c_17xx_40xx.o)
                0x00000000000018e8                Chip_I2C_EventHandlerPolling
 .text.Chip_I2C_Init
                0x0000000000001948       0x34 /Users/tomdeeds/Documents/LPCXpresso_8.2.2/workspace/lpc_chip_175x_6x/Debug/liblpc_chip_175x_6x.a(i2c_17xx_40xx.o)
                0x0000000000001948                Chip_I2C_Init
 .text.Chip_I2C_SetClockRate
                0x000000000000197c       0x68 /Users/tomdeeds/Documents/LPCXpresso_8.2.2/workspace/lpc_chip_175x_6x/Debug/liblpc_chip_175x_6x.a(i2c_17xx_40xx.o)
                0x000000000000197c                Chip_I2C_SetClockRate
 .text.Chip_I2C_SetMasterEventHandler
                0x00000000000019e4       0x48 /Users/tomdeeds/Documents/LPCXpresso_8.2.2/workspace/lpc_chip_175x_6x/Debug/liblpc_chip_175x_6x.a(i2c_17xx_40xx.o)
                0x00000000000019e4                Chip_I2C_SetMasterEventHandler
 .text.Chip_I2C_MasterTransfer
                0x0000000000001a2c       0x9c /Users/tomdeeds/Documents/LPCXpresso_8.2.2/workspace/lpc_chip_175x_6x/Debug/liblpc_chip_175x_6x.a(i2c_17xx_40xx.o)
                0x0000000000001a2c                Chip_I2C_MasterTransfer
 .text.Chip_I2C_MasterSend
                0x0000000000001ac8       0x58 /Users/tomdeeds/Documents/LPCXpresso_8.2.2/workspace/lpc_chip_175x_6x/Debug/liblpc_chip_175x_6x.a(i2c_17xx_40xx.o)
                0x0000000000001ac8                Chip_I2C_MasterSend
 .text.Chip_I2C_MasterCmdRead
                0x0000000000001b20       0x60 /Users/tomdeeds/Documents/LPCXpresso_8.2.2/workspace/lpc_chip_175x_6x/Debug/liblpc_chip_175x_6x.a(i2c_17xx_40xx.o)
                0x0000000000001b20                Chip_I2C_MasterCmdRead
 .text.Chip_I2C_IsMasterActive
                0x0000000000001b80       0x30 /Users/tomdeeds/Documents/LPCXpresso_8.2.2/workspace/lpc_chip_175x_6x/Debug/liblpc_chip_175x_6x.a(i2c_17xx_40xx.o)
                0x0000000000001b80                Chip_I2C_IsMasterActive
 .text.Chip_I2C_MasterStateHandler
                0x0000000000001bb0       0x60 /Users/tomdeeds/Documents/LPCXpresso_8.2.2/workspace/lpc_chip_175x_6x/Debug/liblpc_chip_175x_6x.a(i2c_17xx_40xx.o)
                0x0000000000001bb0                Chip_I2C_MasterStateHandler
 .text.Chip_I2C_SlaveStateHandler
                0x0000000000001c10       0xc0 /Users/tomdeeds/Documents/LPCXpresso_8.2.2/workspace/lpc_chip_175x_6x/Debug/liblpc_chip_175x_6x.a(i2c_17xx_40xx.o)
                0x0000000000001c10                Chip_I2C_SlaveStateHandler
 .text.Chip_I2C_IsStateChanged
                0x0000000000001cd0       0x38 /Users/tomdeeds/Documents/LPCXpresso_8.2.2/workspace/lpc_chip_175x_6x/Debug/liblpc_chip_175x_6x.a(i2c_17xx_40xx.o)
                0x0000000000001cd0                Chip_I2C_IsStateChanged
 .text.Chip_IOCON_PinMuxSet
                0x0000000000001d08       0x38 /Users/tomdeeds/Documents/LPCXpresso_8.2.2/workspace/lpc_chip_175x_6x/Debug/liblpc_chip_175x_6x.a(iocon_17xx_40xx.o)
                0x0000000000001d08                Chip_IOCON_PinMuxSet
 .text.Chip_IOCON_PinMux
                0x0000000000001d40       0x94 /Users/tomdeeds/Documents/LPCXpresso_8.2.2/workspace/lpc_chip_175x_6x/Debug/liblpc_chip_175x_6x.a(iocon_17xx_40xx.o)
                0x0000000000001d40                Chip_IOCON_PinMux
 .text.Chip_IOCON_SetPinMuxing
                0x0000000000001dd4       0x64 /Users/tomdeeds/Documents/LPCXpresso_8.2.2/workspace/lpc_chip_175x_6x/Debug/liblpc_chip_175x_6x.a(iocon_17xx_40xx.o)
                0x0000000000001dd4                Chip_IOCON_SetPinMuxing
 .text.Chip_PWM_Reset
                0x0000000000001e38       0x38 /Users/tomdeeds/Documents/LPCXpresso_8.2.2/workspace/lpc_chip_175x_6x/Debug/liblpc_chip_175x_6x.a(pwm_17xx_40xx.o)
                0x0000000000001e38                Chip_PWM_Reset
 .text.Chip_Clock_IsMainPLLEnabled
                0x0000000000001e70       0x24 /Users/tomdeeds/Documents/LPCXpresso_8.2.2/workspace/lpc_chip_175x_6x/Debug/liblpc_chip_175x_6x.a(sysinit_17xx_40xx.o)
 .text.Chip_Clock_IsMainPLLLocked
                0x0000000000001e94       0x24 /Users/tomdeeds/Documents/LPCXpresso_8.2.2/workspace/lpc_chip_175x_6x/Debug/liblpc_chip_175x_6x.a(sysinit_17xx_40xx.o)
 .text.Chip_Clock_IsMainPLLConnected
                0x0000000000001eb8       0x24 /Users/tomdeeds/Documents/LPCXpresso_8.2.2/workspace/lpc_chip_175x_6x/Debug/liblpc_chip_175x_6x.a(sysinit_17xx_40xx.o)
 .text.Chip_Clock_EnableCrystal
                0x0000000000001edc       0x20 /Users/tomdeeds/Documents/LPCXpresso_8.2.2/workspace/lpc_chip_175x_6x/Debug/liblpc_chip_175x_6x.a(sysinit_17xx_40xx.o)
 .text.Chip_Clock_IsCrystalEnabled
                0x0000000000001efc       0x24 /Users/tomdeeds/Documents/LPCXpresso_8.2.2/workspace/lpc_chip_175x_6x/Debug/liblpc_chip_175x_6x.a(sysinit_17xx_40xx.o)
 .text.Chip_Clock_SetMainPLLSource
                0x0000000000001f20       0x20 /Users/tomdeeds/Documents/LPCXpresso_8.2.2/workspace/lpc_chip_175x_6x/Debug/liblpc_chip_175x_6x.a(sysinit_17xx_40xx.o)
 .text.Chip_SetupXtalClocking
                0x0000000000001f40       0x90 /Users/tomdeeds/Documents/LPCXpresso_8.2.2/workspace/lpc_chip_175x_6x/Debug/liblpc_chip_175x_6x.a(sysinit_17xx_40xx.o)
                0x0000000000001f40                Chip_SetupXtalClocking
 .text.Chip_UART_SetupFIFOS
                0x0000000000001fd0       0x1c /Users/tomdeeds/Documents/LPCXpresso_8.2.2/workspace/lpc_chip_175x_6x/Debug/liblpc_chip_175x_6x.a(uart_17xx_40xx.o)
 .text.Chip_UART_ConfigData
                0x0000000000001fec       0x1c /Users/tomdeeds/Documents/LPCXpresso_8.2.2/workspace/lpc_chip_175x_6x/Debug/liblpc_chip_175x_6x.a(uart_17xx_40xx.o)
 .text.Chip_UART_EnableDivisorAccess
                0x0000000000002008       0x20 /Users/tomdeeds/Documents/LPCXpresso_8.2.2/workspace/lpc_chip_175x_6x/Debug/liblpc_chip_175x_6x.a(uart_17xx_40xx.o)
 .text.Chip_UART_DisableDivisorAccess
                0x0000000000002028       0x20 /Users/tomdeeds/Documents/LPCXpresso_8.2.2/workspace/lpc_chip_175x_6x/Debug/liblpc_chip_175x_6x.a(uart_17xx_40xx.o)
 .text.Chip_UART_SetDivisorLatches
                0x0000000000002048       0x28 /Users/tomdeeds/Documents/LPCXpresso_8.2.2/workspace/lpc_chip_175x_6x/Debug/liblpc_chip_175x_6x.a(uart_17xx_40xx.o)
 .text.Chip_UART_GetClockIndex
                0x0000000000002070       0x50 /Users/tomdeeds/Documents/LPCXpresso_8.2.2/workspace/lpc_chip_175x_6x/Debug/liblpc_chip_175x_6x.a(uart_17xx_40xx.o)
 .text.Chip_UART_GetClkIndex
                0x00000000000020c0       0x50 /Users/tomdeeds/Documents/LPCXpresso_8.2.2/workspace/lpc_chip_175x_6x/Debug/liblpc_chip_175x_6x.a(uart_17xx_40xx.o)
 .text.Chip_UART_Init
                0x0000000000002110       0x78 /Users/tomdeeds/Documents/LPCXpresso_8.2.2/workspace/lpc_chip_175x_6x/Debug/liblpc_chip_175x_6x.a(uart_17xx_40xx.o)
                0x0000000000002110                Chip_UART_Init
 .text.Chip_UART_TXEnable
                0x0000000000002188       0x18 /Users/tomdeeds/Documents/LPCXpresso_8.2.2/workspace/lpc_chip_175x_6x/Debug/liblpc_chip_175x_6x.a(uart_17xx_40xx.o)
                0x0000000000002188                Chip_UART_TXEnable
 .text.Chip_UART_TXDisable
                0x00000000000021a0       0x18 /Users/tomdeeds/Documents/LPCXpresso_8.2.2/workspace/lpc_chip_175x_6x/Debug/liblpc_chip_175x_6x.a(uart_17xx_40xx.o)
                0x00000000000021a0                Chip_UART_TXDisable
 .text.Chip_UART_SetBaud
                0x00000000000021b8       0x64 /Users/tomdeeds/Documents/LPCXpresso_8.2.2/workspace/lpc_chip_175x_6x/Debug/liblpc_chip_175x_6x.a(uart_17xx_40xx.o)
                0x00000000000021b8                Chip_UART_SetBaud
 .text.__weak_main
                0x000000000000221c        0x4 /Applications/lpcxpresso_8.2.2_650/lpcxpresso/tools/bin/../lib/gcc/arm-none-eabi/5.4.1/../../../../arm-none-eabi/lib/armv7-m/libcr_c.a(__weak__main.o)
                0x000000000000221c                __main
                0x000000000000221c                __weak_main
 *(.rodata .rodata.* .constdata .constdata.*)
 .rodata.OscRateIn
                0x0000000000002220        0x4 /Users/tomdeeds/Documents/LPCXpresso_8.2.2/workspace/lpc_board_nxp_lpcxpresso_1769/Debug/liblpc_board_nxp_lpcxpresso_1769.a(board.o)
                0x0000000000002220                OscRateIn
 .rodata.RTCOscRateIn
                0x0000000000002224        0x4 /Users/tomdeeds/Documents/LPCXpresso_8.2.2/workspace/lpc_board_nxp_lpcxpresso_1769/Debug/liblpc_board_nxp_lpcxpresso_1769.a(board.o)
                0x0000000000002224                RTCOscRateIn
 .rodata.pinmuxing
                0x0000000000002228       0x5c /Users/tomdeeds/Documents/LPCXpresso_8.2.2/workspace/lpc_board_nxp_lpcxpresso_1769/Debug/liblpc_board_nxp_lpcxpresso_1769.a(board_sysinit.o)
 .rodata.I2C_PeriphClk
                0x0000000000002284        0x3 /Users/tomdeeds/Documents/LPCXpresso_8.2.2/workspace/lpc_chip_175x_6x/Debug/liblpc_chip_175x_6x.a(i2c_17xx_40xx.o)
                0x0000000000002288                . = ALIGN (0x4)
 *fill*         0x0000000000002287        0x1 ff

.glue_7         0x0000000000002288        0x0
 .glue_7        0x0000000000002288        0x0 linker stubs

.glue_7t        0x0000000000002288        0x0
 .glue_7t       0x0000000000002288        0x0 linker stubs

.vfp11_veneer   0x0000000000002288        0x0
 .vfp11_veneer  0x0000000000002288        0x0 linker stubs

.v4_bx          0x0000000000002288        0x0
 .v4_bx         0x0000000000002288        0x0 linker stubs

.iplt           0x0000000000002288        0x0
 .iplt          0x0000000000002288        0x0 ./src/cr_startup_lpc175x_6x.o

.rel.dyn        0x0000000000002288        0x0
 .rel.iplt      0x0000000000002288        0x0 ./src/cr_startup_lpc175x_6x.o

.ARM.extab
 *(.ARM.extab* .gnu.linkonce.armextab.*)
                0x0000000000002288                __exidx_start = .

.ARM.exidx
 *(.ARM.exidx* .gnu.linkonce.armexidx.*)
                0x0000000000002288                __exidx_end = .
                0x0000000000002288                _etext = .

.data_RAM2      0x000000002007c000        0x0 load address 0x0000000000002288
 FILL mask 0xff
                [!provide]                        PROVIDE (__start_data_RAM2, .)
 *(.ramfunc.$RAM2)
 *(.ramfunc.$RamAHB32)
 *(.data.$RAM2*)
 *(.data.$RamAHB32*)
                0x000000002007c000                . = ALIGN (0x4)
                [!provide]                        PROVIDE (__end_data_RAM2, .)

.uninit_RESERVED
                0x0000000010000000        0x0
 *(.bss.$RESERVED*)
                0x0000000010000000                . = ALIGN (0x4)
                0x0000000010000000                _end_uninit_RESERVED = .

.data           0x0000000010000000       0x58 load address 0x0000000000002288
 FILL mask 0xff
                0x0000000010000000                _data = .
 *(vtable)
 *(.ramfunc*)
 *(.data*)
 .data.pTMR     0x0000000010000000        0x4 ./src/virtual_cane.o
 .data.i2c      0x0000000010000004       0x54 /Users/tomdeeds/Documents/LPCXpresso_8.2.2/workspace/lpc_chip_175x_6x/Debug/liblpc_chip_175x_6x.a(i2c_17xx_40xx.o)
                0x0000000010000058                . = ALIGN (0x4)
                0x0000000010000058                _edata = .

.igot.plt       0x0000000010000058        0x0 load address 0x00000000000022e0
 .igot.plt      0x0000000010000058        0x0 ./src/cr_startup_lpc175x_6x.o

.bss_RAM2       0x000000002007c000        0x0
                [!provide]                        PROVIDE (__start_bss_RAM2, .)
 *(.bss.$RAM2*)
 *(.bss.$RamAHB32*)
                0x000000002007c000                . = ALIGN ((. != 0x0)?0x4:0x1)
                [!provide]                        PROVIDE (__end_bss_RAM2, .)

.bss            0x0000000010000058       0x88
                0x0000000010000058                _bss = .
 *(.bss*)
 .bss.mode_poll
                0x0000000010000058        0x4 ./src/virtual_cane.o
 .bss.i.7780    0x000000001000005c        0x4 ./src/virtual_cane.o
 .bss.distance.7779
                0x0000000010000060        0x2 ./src/virtual_cane.o
 *fill*         0x0000000010000062        0x2 
 .bss.i2c_slave
                0x0000000010000064       0x78 /Users/tomdeeds/Documents/LPCXpresso_8.2.2/workspace/lpc_chip_175x_6x/Debug/liblpc_chip_175x_6x.a(i2c_17xx_40xx.o)
 *(COMMON)
 COMMON         0x00000000100000dc        0x4 /Users/tomdeeds/Documents/LPCXpresso_8.2.2/workspace/lpc_chip_175x_6x/Debug/liblpc_chip_175x_6x.a(chip_17xx_40xx.o)
                0x00000000100000dc                SystemCoreClock
                0x00000000100000e0                . = ALIGN (0x4)
                0x00000000100000e0                _ebss = .
                [!provide]                        PROVIDE (end, .)

.noinit_RAM2    0x000000002007c000        0x0
 *(.noinit.$RAM2*)
 *(.noinit.$RamAHB32*)
                0x000000002007c000                . = ALIGN (0x4)

.noinit         0x00000000100000e0        0x0
                0x00000000100000e0                _noinit = .
 *(.noinit*)
                0x00000000100000e0                . = ALIGN (0x4)
                0x00000000100000e0                _end_noinit = .
                [!provide]                        PROVIDE (_pvHeapStart, DEFINED (__user_heap_base)?__user_heap_base:.)
                0x0000000010008000                PROVIDE (_vStackTop, DEFINED (__user_stack_top)?__user_stack_top:(__top_RamLoc32 - 0x0))
                0xffffffffefff74b2                PROVIDE (__valid_user_code_checksum, (0x0 - ((((((_vStackTop + (ResetISR + 0x1)) + (NMI_Handler + 0x1)) + (HardFault_Handler + 0x1)) + (DEFINED (MemManage_Handler)?MemManage_Handler:0x0 + 0x1)) + (DEFINED (BusFault_Handler)?BusFault_Handler:0x0 + 0x1)) + (DEFINED (UsageFault_Handler)?UsageFault_Handler:0x0 + 0x1))))
OUTPUT(virtual_cane.axf elf32-littlearm)

.debug_info     0x0000000000000000     0x62e7
 .debug_info    0x0000000000000000      0x253 ./src/cr_startup_lpc175x_6x.o
 .debug_info    0x0000000000000253       0x3f ./src/crp.o
 .debug_info    0x0000000000000292      0x110 ./src/sysinit.o
 .debug_info    0x00000000000003a2      0xc80 ./src/virtual_cane.o
 .debug_info    0x0000000000001022     0x13d3 /Users/tomdeeds/Documents/LPCXpresso_8.2.2/workspace/lpc_board_nxp_lpcxpresso_1769/Debug/liblpc_board_nxp_lpcxpresso_1769.a(board.o)
 .debug_info    0x00000000000023f5      0x591 /Users/tomdeeds/Documents/LPCXpresso_8.2.2/workspace/lpc_board_nxp_lpcxpresso_1769/Debug/liblpc_board_nxp_lpcxpresso_1769.a(board_sysinit.o)
 .debug_info    0x0000000000002986      0x51e /Users/tomdeeds/Documents/LPCXpresso_8.2.2/workspace/lpc_chip_175x_6x/Debug/liblpc_chip_175x_6x.a(chip_17xx_40xx.o)
 .debug_info    0x0000000000002ea4      0xb62 /Users/tomdeeds/Documents/LPCXpresso_8.2.2/workspace/lpc_chip_175x_6x/Debug/liblpc_chip_175x_6x.a(clock_17xx_40xx.o)
 .debug_info    0x0000000000003a06      0xe70 /Users/tomdeeds/Documents/LPCXpresso_8.2.2/workspace/lpc_chip_175x_6x/Debug/liblpc_chip_175x_6x.a(i2c_17xx_40xx.o)
 .debug_info    0x0000000000004876      0x2e9 /Users/tomdeeds/Documents/LPCXpresso_8.2.2/workspace/lpc_chip_175x_6x/Debug/liblpc_chip_175x_6x.a(iocon_17xx_40xx.o)
 .debug_info    0x0000000000004b5f      0x475 /Users/tomdeeds/Documents/LPCXpresso_8.2.2/workspace/lpc_chip_175x_6x/Debug/liblpc_chip_175x_6x.a(pwm_17xx_40xx.o)
 .debug_info    0x0000000000004fd4      0x439 /Users/tomdeeds/Documents/LPCXpresso_8.2.2/workspace/lpc_chip_175x_6x/Debug/liblpc_chip_175x_6x.a(sysinit_17xx_40xx.o)
 .debug_info    0x000000000000540d      0xeda /Users/tomdeeds/Documents/LPCXpresso_8.2.2/workspace/lpc_chip_175x_6x/Debug/liblpc_chip_175x_6x.a(uart_17xx_40xx.o)

.debug_abbrev   0x0000000000000000     0x171f
 .debug_abbrev  0x0000000000000000       0xf5 ./src/cr_startup_lpc175x_6x.o
 .debug_abbrev  0x00000000000000f5       0x36 ./src/crp.o
 .debug_abbrev  0x000000000000012b       0xa3 ./src/sysinit.o
 .debug_abbrev  0x00000000000001ce      0x2c2 ./src/virtual_cane.o
 .debug_abbrev  0x0000000000000490      0x379 /Users/tomdeeds/Documents/LPCXpresso_8.2.2/workspace/lpc_board_nxp_lpcxpresso_1769/Debug/liblpc_board_nxp_lpcxpresso_1769.a(board.o)
 .debug_abbrev  0x0000000000000809      0x15c /Users/tomdeeds/Documents/LPCXpresso_8.2.2/workspace/lpc_board_nxp_lpcxpresso_1769/Debug/liblpc_board_nxp_lpcxpresso_1769.a(board_sysinit.o)
 .debug_abbrev  0x0000000000000965      0x13c /Users/tomdeeds/Documents/LPCXpresso_8.2.2/workspace/lpc_chip_175x_6x/Debug/liblpc_chip_175x_6x.a(chip_17xx_40xx.o)
 .debug_abbrev  0x0000000000000aa1      0x2ec /Users/tomdeeds/Documents/LPCXpresso_8.2.2/workspace/lpc_chip_175x_6x/Debug/liblpc_chip_175x_6x.a(clock_17xx_40xx.o)
 .debug_abbrev  0x0000000000000d8d      0x2ae /Users/tomdeeds/Documents/LPCXpresso_8.2.2/workspace/lpc_chip_175x_6x/Debug/liblpc_chip_175x_6x.a(i2c_17xx_40xx.o)
 .debug_abbrev  0x000000000000103b      0x126 /Users/tomdeeds/Documents/LPCXpresso_8.2.2/workspace/lpc_chip_175x_6x/Debug/liblpc_chip_175x_6x.a(iocon_17xx_40xx.o)
 .debug_abbrev  0x0000000000001161      0x161 /Users/tomdeeds/Documents/LPCXpresso_8.2.2/workspace/lpc_chip_175x_6x/Debug/liblpc_chip_175x_6x.a(pwm_17xx_40xx.o)
 .debug_abbrev  0x00000000000012c2      0x175 /Users/tomdeeds/Documents/LPCXpresso_8.2.2/workspace/lpc_chip_175x_6x/Debug/liblpc_chip_175x_6x.a(sysinit_17xx_40xx.o)
 .debug_abbrev  0x0000000000001437      0x2e8 /Users/tomdeeds/Documents/LPCXpresso_8.2.2/workspace/lpc_chip_175x_6x/Debug/liblpc_chip_175x_6x.a(uart_17xx_40xx.o)

.debug_aranges  0x0000000000000000      0x7a0
 .debug_aranges
                0x0000000000000000       0x80 ./src/cr_startup_lpc175x_6x.o
 .debug_aranges
                0x0000000000000080       0x18 ./src/crp.o
 .debug_aranges
                0x0000000000000098       0x20 ./src/sysinit.o
 .debug_aranges
                0x00000000000000b8       0xe0 ./src/virtual_cane.o
 .debug_aranges
                0x0000000000000198      0x160 /Users/tomdeeds/Documents/LPCXpresso_8.2.2/workspace/lpc_board_nxp_lpcxpresso_1769/Debug/liblpc_board_nxp_lpcxpresso_1769.a(board.o)
 .debug_aranges
                0x00000000000002f8       0x38 /Users/tomdeeds/Documents/LPCXpresso_8.2.2/workspace/lpc_board_nxp_lpcxpresso_1769/Debug/liblpc_board_nxp_lpcxpresso_1769.a(board_sysinit.o)
 .debug_aranges
                0x0000000000000330       0x38 /Users/tomdeeds/Documents/LPCXpresso_8.2.2/workspace/lpc_chip_175x_6x/Debug/liblpc_chip_175x_6x.a(chip_17xx_40xx.o)
 .debug_aranges
                0x0000000000000368      0x120 /Users/tomdeeds/Documents/LPCXpresso_8.2.2/workspace/lpc_chip_175x_6x/Debug/liblpc_chip_175x_6x.a(clock_17xx_40xx.o)
 .debug_aranges
                0x0000000000000488      0x118 /Users/tomdeeds/Documents/LPCXpresso_8.2.2/workspace/lpc_chip_175x_6x/Debug/liblpc_chip_175x_6x.a(i2c_17xx_40xx.o)
 .debug_aranges
                0x00000000000005a0       0x30 /Users/tomdeeds/Documents/LPCXpresso_8.2.2/workspace/lpc_chip_175x_6x/Debug/liblpc_chip_175x_6x.a(iocon_17xx_40xx.o)
 .debug_aranges
                0x00000000000005d0       0x48 /Users/tomdeeds/Documents/LPCXpresso_8.2.2/workspace/lpc_chip_175x_6x/Debug/liblpc_chip_175x_6x.a(pwm_17xx_40xx.o)
 .debug_aranges
                0x0000000000000618       0x60 /Users/tomdeeds/Documents/LPCXpresso_8.2.2/workspace/lpc_chip_175x_6x/Debug/liblpc_chip_175x_6x.a(sysinit_17xx_40xx.o)
 .debug_aranges
                0x0000000000000678      0x128 /Users/tomdeeds/Documents/LPCXpresso_8.2.2/workspace/lpc_chip_175x_6x/Debug/liblpc_chip_175x_6x.a(uart_17xx_40xx.o)

.debug_ranges   0x0000000000000000      0x6c8
 .debug_ranges  0x0000000000000000       0x70 ./src/cr_startup_lpc175x_6x.o
 .debug_ranges  0x0000000000000070       0x10 ./src/sysinit.o
 .debug_ranges  0x0000000000000080       0xd0 ./src/virtual_cane.o
 .debug_ranges  0x0000000000000150      0x150 /Users/tomdeeds/Documents/LPCXpresso_8.2.2/workspace/lpc_board_nxp_lpcxpresso_1769/Debug/liblpc_board_nxp_lpcxpresso_1769.a(board.o)
 .debug_ranges  0x00000000000002a0       0x28 /Users/tomdeeds/Documents/LPCXpresso_8.2.2/workspace/lpc_board_nxp_lpcxpresso_1769/Debug/liblpc_board_nxp_lpcxpresso_1769.a(board_sysinit.o)
 .debug_ranges  0x00000000000002c8       0x28 /Users/tomdeeds/Documents/LPCXpresso_8.2.2/workspace/lpc_chip_175x_6x/Debug/liblpc_chip_175x_6x.a(chip_17xx_40xx.o)
 .debug_ranges  0x00000000000002f0      0x110 /Users/tomdeeds/Documents/LPCXpresso_8.2.2/workspace/lpc_chip_175x_6x/Debug/liblpc_chip_175x_6x.a(clock_17xx_40xx.o)
 .debug_ranges  0x0000000000000400      0x108 /Users/tomdeeds/Documents/LPCXpresso_8.2.2/workspace/lpc_chip_175x_6x/Debug/liblpc_chip_175x_6x.a(i2c_17xx_40xx.o)
 .debug_ranges  0x0000000000000508       0x20 /Users/tomdeeds/Documents/LPCXpresso_8.2.2/workspace/lpc_chip_175x_6x/Debug/liblpc_chip_175x_6x.a(iocon_17xx_40xx.o)
 .debug_ranges  0x0000000000000528       0x38 /Users/tomdeeds/Documents/LPCXpresso_8.2.2/workspace/lpc_chip_175x_6x/Debug/liblpc_chip_175x_6x.a(pwm_17xx_40xx.o)
 .debug_ranges  0x0000000000000560       0x50 /Users/tomdeeds/Documents/LPCXpresso_8.2.2/workspace/lpc_chip_175x_6x/Debug/liblpc_chip_175x_6x.a(sysinit_17xx_40xx.o)
 .debug_ranges  0x00000000000005b0      0x118 /Users/tomdeeds/Documents/LPCXpresso_8.2.2/workspace/lpc_chip_175x_6x/Debug/liblpc_chip_175x_6x.a(uart_17xx_40xx.o)

.debug_macro    0x0000000000000000     0x59db
 .debug_macro   0x0000000000000000       0x1d ./src/cr_startup_lpc175x_6x.o
 .debug_macro   0x000000000000001d      0x88c ./src/cr_startup_lpc175x_6x.o
 .debug_macro   0x00000000000008a9       0x1a ./src/crp.o
 .debug_macro   0x00000000000008c3       0x34 ./src/crp.o
 .debug_macro   0x00000000000008f7      0x230 ./src/sysinit.o
 .debug_macro   0x0000000000000b27       0x10 ./src/sysinit.o
 .debug_macro   0x0000000000000b37      0x12d ./src/sysinit.o
 .debug_macro   0x0000000000000c64      0x5b2 ./src/sysinit.o
 .debug_macro   0x0000000000001216       0x22 ./src/sysinit.o
 .debug_macro   0x0000000000001238       0x7b ./src/sysinit.o
 .debug_macro   0x00000000000012b3       0x10 ./src/sysinit.o
 .debug_macro   0x00000000000012c3       0x2d ./src/sysinit.o
 .debug_macro   0x00000000000012f0       0x3a ./src/sysinit.o
 .debug_macro   0x000000000000132a       0x2d ./src/sysinit.o
 .debug_macro   0x0000000000001357      0xbb1 ./src/sysinit.o
 .debug_macro   0x0000000000001f08       0x58 ./src/sysinit.o
 .debug_macro   0x0000000000001f60      0x22e ./src/sysinit.o
 .debug_macro   0x000000000000218e       0x42 ./src/sysinit.o
 .debug_macro   0x00000000000021d0       0x52 ./src/sysinit.o
 .debug_macro   0x0000000000002222       0x78 ./src/sysinit.o
 .debug_macro   0x000000000000229a       0x82 ./src/sysinit.o
 .debug_macro   0x000000000000231c      0x48c ./src/sysinit.o
 .debug_macro   0x00000000000027a8       0x34 ./src/sysinit.o
 .debug_macro   0x00000000000027dc      0x4c5 ./src/sysinit.o
 .debug_macro   0x0000000000002ca1      0x1b7 ./src/sysinit.o
 .debug_macro   0x0000000000002e58       0x10 ./src/sysinit.o
 .debug_macro   0x0000000000002e68      0x21b ./src/sysinit.o
 .debug_macro   0x0000000000003083      0x1b9 ./src/sysinit.o
 .debug_macro   0x000000000000323c       0x40 ./src/sysinit.o
 .debug_macro   0x000000000000327c       0x22 ./src/sysinit.o
 .debug_macro   0x000000000000329e      0x162 ./src/sysinit.o
 .debug_macro   0x0000000000003400       0x94 ./src/sysinit.o
 .debug_macro   0x0000000000003494       0xb8 ./src/sysinit.o
 .debug_macro   0x000000000000354c       0x4c ./src/sysinit.o
 .debug_macro   0x0000000000003598       0x16 ./src/sysinit.o
 .debug_macro   0x00000000000035ae      0x328 ./src/sysinit.o
 .debug_macro   0x00000000000038d6       0x49 ./src/sysinit.o
 .debug_macro   0x000000000000391f       0x16 ./src/sysinit.o
 .debug_macro   0x0000000000003935       0xca ./src/sysinit.o
 .debug_macro   0x00000000000039ff       0x18 ./src/sysinit.o
 .debug_macro   0x0000000000003a17       0x70 ./src/sysinit.o
 .debug_macro   0x0000000000003a87       0x9a ./src/sysinit.o
 .debug_macro   0x0000000000003b21       0x20 ./src/sysinit.o
 .debug_macro   0x0000000000003b41       0x28 ./src/sysinit.o
 .debug_macro   0x0000000000003b69      0x282 ./src/virtual_cane.o
 .debug_macro   0x0000000000003deb       0x22 ./src/virtual_cane.o
 .debug_macro   0x0000000000003e0d       0x10 ./src/virtual_cane.o
 .debug_macro   0x0000000000003e1d       0x8e ./src/virtual_cane.o
 .debug_macro   0x0000000000003eab       0x6a ./src/virtual_cane.o
 .debug_macro   0x0000000000003f15      0x2a2 /Users/tomdeeds/Documents/LPCXpresso_8.2.2/workspace/lpc_board_nxp_lpcxpresso_1769/Debug/liblpc_board_nxp_lpcxpresso_1769.a(board.o)
 .debug_macro   0x00000000000041b7      0x886 /Users/tomdeeds/Documents/LPCXpresso_8.2.2/workspace/lpc_board_nxp_lpcxpresso_1769/Debug/liblpc_board_nxp_lpcxpresso_1769.a(board.o)
 .debug_macro   0x0000000000004a3d       0x12 /Users/tomdeeds/Documents/LPCXpresso_8.2.2/workspace/lpc_board_nxp_lpcxpresso_1769/Debug/liblpc_board_nxp_lpcxpresso_1769.a(board.o)
 .debug_macro   0x0000000000004a4f      0x230 /Users/tomdeeds/Documents/LPCXpresso_8.2.2/workspace/lpc_board_nxp_lpcxpresso_1769/Debug/liblpc_board_nxp_lpcxpresso_1769.a(board_sysinit.o)
 .debug_macro   0x0000000000004c7f      0x1e6 /Users/tomdeeds/Documents/LPCXpresso_8.2.2/workspace/lpc_chip_175x_6x/Debug/liblpc_chip_175x_6x.a(chip_17xx_40xx.o)
 .debug_macro   0x0000000000004e65      0x1e6 /Users/tomdeeds/Documents/LPCXpresso_8.2.2/workspace/lpc_chip_175x_6x/Debug/liblpc_chip_175x_6x.a(clock_17xx_40xx.o)
 .debug_macro   0x000000000000504b      0x1f8 /Users/tomdeeds/Documents/LPCXpresso_8.2.2/workspace/lpc_chip_175x_6x/Debug/liblpc_chip_175x_6x.a(i2c_17xx_40xx.o)
 .debug_macro   0x0000000000005243      0x1e6 /Users/tomdeeds/Documents/LPCXpresso_8.2.2/workspace/lpc_chip_175x_6x/Debug/liblpc_chip_175x_6x.a(iocon_17xx_40xx.o)
 .debug_macro   0x0000000000005429      0x1e6 /Users/tomdeeds/Documents/LPCXpresso_8.2.2/workspace/lpc_chip_175x_6x/Debug/liblpc_chip_175x_6x.a(pwm_17xx_40xx.o)
 .debug_macro   0x000000000000560f      0x1e6 /Users/tomdeeds/Documents/LPCXpresso_8.2.2/workspace/lpc_chip_175x_6x/Debug/liblpc_chip_175x_6x.a(sysinit_17xx_40xx.o)
 .debug_macro   0x00000000000057f5      0x1e6 /Users/tomdeeds/Documents/LPCXpresso_8.2.2/workspace/lpc_chip_175x_6x/Debug/liblpc_chip_175x_6x.a(uart_17xx_40xx.o)

.debug_line     0x0000000000000000     0x4355
 .debug_line    0x0000000000000000       0xd5 ./src/cr_startup_lpc175x_6x.o
 .debug_line    0x00000000000000d5       0x7f ./src/crp.o
 .debug_line    0x0000000000000154      0x4b0 ./src/sysinit.o
 .debug_line    0x0000000000000604      0x7c5 ./src/virtual_cane.o
 .debug_line    0x0000000000000dc9      0x86b /Users/tomdeeds/Documents/LPCXpresso_8.2.2/workspace/lpc_board_nxp_lpcxpresso_1769/Debug/liblpc_board_nxp_lpcxpresso_1769.a(board.o)
 .debug_line    0x0000000000001634      0x4f0 /Users/tomdeeds/Documents/LPCXpresso_8.2.2/workspace/lpc_board_nxp_lpcxpresso_1769/Debug/liblpc_board_nxp_lpcxpresso_1769.a(board_sysinit.o)
 .debug_line    0x0000000000001b24      0x477 /Users/tomdeeds/Documents/LPCXpresso_8.2.2/workspace/lpc_chip_175x_6x/Debug/liblpc_chip_175x_6x.a(chip_17xx_40xx.o)
 .debug_line    0x0000000000001f9b      0x6f3 /Users/tomdeeds/Documents/LPCXpresso_8.2.2/workspace/lpc_chip_175x_6x/Debug/liblpc_chip_175x_6x.a(clock_17xx_40xx.o)
 .debug_line    0x000000000000268e      0x749 /Users/tomdeeds/Documents/LPCXpresso_8.2.2/workspace/lpc_chip_175x_6x/Debug/liblpc_chip_175x_6x.a(i2c_17xx_40xx.o)
 .debug_line    0x0000000000002dd7      0x463 /Users/tomdeeds/Documents/LPCXpresso_8.2.2/workspace/lpc_chip_175x_6x/Debug/liblpc_chip_175x_6x.a(iocon_17xx_40xx.o)
 .debug_line    0x000000000000323a      0x48f /Users/tomdeeds/Documents/LPCXpresso_8.2.2/workspace/lpc_chip_175x_6x/Debug/liblpc_chip_175x_6x.a(pwm_17xx_40xx.o)
 .debug_line    0x00000000000036c9      0x4ed /Users/tomdeeds/Documents/LPCXpresso_8.2.2/workspace/lpc_chip_175x_6x/Debug/liblpc_chip_175x_6x.a(sysinit_17xx_40xx.o)
 .debug_line    0x0000000000003bb6      0x79f /Users/tomdeeds/Documents/LPCXpresso_8.2.2/workspace/lpc_chip_175x_6x/Debug/liblpc_chip_175x_6x.a(uart_17xx_40xx.o)

.debug_str      0x0000000000000000    0x13de0
 .debug_str     0x0000000000000000     0x269b ./src/cr_startup_lpc175x_6x.o
                                       0x26ae (size before relaxing)
 .debug_str     0x000000000000269b       0xe9 ./src/crp.o
                                       0x25c6 (size before relaxing)
 .debug_str     0x0000000000002784     0xe6c7 ./src/sysinit.o
                                      0x10ca8 (size before relaxing)
 .debug_str     0x0000000000010e4b      0xb3c ./src/virtual_cane.o
                                      0x1181e (size before relaxing)
 .debug_str     0x0000000000011987      0xd68 /Users/tomdeeds/Documents/LPCXpresso_8.2.2/workspace/lpc_board_nxp_lpcxpresso_1769/Debug/liblpc_board_nxp_lpcxpresso_1769.a(board.o)
                                      0x11b6d (size before relaxing)
 .debug_str     0x00000000000126ef      0x22d /Users/tomdeeds/Documents/LPCXpresso_8.2.2/workspace/lpc_board_nxp_lpcxpresso_1769/Debug/liblpc_board_nxp_lpcxpresso_1769.a(board_sysinit.o)
                                      0x110a7 (size before relaxing)
 .debug_str     0x000000000001291c       0xbf /Users/tomdeeds/Documents/LPCXpresso_8.2.2/workspace/lpc_chip_175x_6x/Debug/liblpc_chip_175x_6x.a(chip_17xx_40xx.o)
                                      0x10d9e (size before relaxing)
 .debug_str     0x00000000000129db      0x857 /Users/tomdeeds/Documents/LPCXpresso_8.2.2/workspace/lpc_chip_175x_6x/Debug/liblpc_chip_175x_6x.a(clock_17xx_40xx.o)
                                      0x1140c (size before relaxing)
 .debug_str     0x0000000000013232      0x58c /Users/tomdeeds/Documents/LPCXpresso_8.2.2/workspace/lpc_chip_175x_6x/Debug/liblpc_chip_175x_6x.a(i2c_17xx_40xx.o)
                                      0x1141c (size before relaxing)
 .debug_str     0x00000000000137be       0x74 /Users/tomdeeds/Documents/LPCXpresso_8.2.2/workspace/lpc_chip_175x_6x/Debug/liblpc_chip_175x_6x.a(iocon_17xx_40xx.o)
                                      0x10889 (size before relaxing)
 .debug_str     0x0000000000013832      0x12a /Users/tomdeeds/Documents/LPCXpresso_8.2.2/workspace/lpc_chip_175x_6x/Debug/liblpc_chip_175x_6x.a(pwm_17xx_40xx.o)
                                      0x10ba8 (size before relaxing)
 .debug_str     0x000000000001395c       0xc4 /Users/tomdeeds/Documents/LPCXpresso_8.2.2/workspace/lpc_chip_175x_6x/Debug/liblpc_chip_175x_6x.a(sysinit_17xx_40xx.o)
                                      0x10a71 (size before relaxing)
 .debug_str     0x0000000000013a20      0x3c0 /Users/tomdeeds/Documents/LPCXpresso_8.2.2/workspace/lpc_chip_175x_6x/Debug/liblpc_chip_175x_6x.a(uart_17xx_40xx.o)
                                      0x112e1 (size before relaxing)

.comment        0x0000000000000000       0xdc
 .comment       0x0000000000000000       0x6e ./src/cr_startup_lpc175x_6x.o
                                         0x6f (size before relaxing)
 .comment       0x000000000000006e       0x6f ./src/crp.o
 .comment       0x000000000000006e       0x6f ./src/sysinit.o
 .comment       0x000000000000006e       0x6f ./src/virtual_cane.o
 .comment       0x000000000000006e       0x6f /Users/tomdeeds/Documents/LPCXpresso_8.2.2/workspace/lpc_board_nxp_lpcxpresso_1769/Debug/liblpc_board_nxp_lpcxpresso_1769.a(board.o)
 .comment       0x000000000000006e       0x6f /Users/tomdeeds/Documents/LPCXpresso_8.2.2/workspace/lpc_board_nxp_lpcxpresso_1769/Debug/liblpc_board_nxp_lpcxpresso_1769.a(board_sysinit.o)
 .comment       0x000000000000006e       0x6f /Users/tomdeeds/Documents/LPCXpresso_8.2.2/workspace/lpc_chip_175x_6x/Debug/liblpc_chip_175x_6x.a(chip_17xx_40xx.o)
 .comment       0x000000000000006e       0x6f /Users/tomdeeds/Documents/LPCXpresso_8.2.2/workspace/lpc_chip_175x_6x/Debug/liblpc_chip_175x_6x.a(clock_17xx_40xx.o)
 .comment       0x000000000000006e       0x6f /Users/tomdeeds/Documents/LPCXpresso_8.2.2/workspace/lpc_chip_175x_6x/Debug/liblpc_chip_175x_6x.a(i2c_17xx_40xx.o)
 .comment       0x000000000000006e       0x6f /Users/tomdeeds/Documents/LPCXpresso_8.2.2/workspace/lpc_chip_175x_6x/Debug/liblpc_chip_175x_6x.a(iocon_17xx_40xx.o)
 .comment       0x000000000000006e       0x6f /Users/tomdeeds/Documents/LPCXpresso_8.2.2/workspace/lpc_chip_175x_6x/Debug/liblpc_chip_175x_6x.a(pwm_17xx_40xx.o)
 .comment       0x000000000000006e       0x6f /Users/tomdeeds/Documents/LPCXpresso_8.2.2/workspace/lpc_chip_175x_6x/Debug/liblpc_chip_175x_6x.a(sysinit_17xx_40xx.o)
 .comment       0x000000000000006e       0x6f /Users/tomdeeds/Documents/LPCXpresso_8.2.2/workspace/lpc_chip_175x_6x/Debug/liblpc_chip_175x_6x.a(uart_17xx_40xx.o)
 .comment       0x000000000000006e       0x6e /Applications/lpcxpresso_8.2.2_650/lpcxpresso/tools/bin/../lib/gcc/arm-none-eabi/5.4.1/../../../../arm-none-eabi/lib/armv7-m/libcr_c.a(__weak__main.o)
                                         0x6f (size before relaxing)

.ARM.attributes
                0x0000000000000000       0x31
 .ARM.attributes
                0x0000000000000000       0x33 ./src/cr_startup_lpc175x_6x.o
 .ARM.attributes
                0x0000000000000033       0x33 ./src/crp.o
 .ARM.attributes
                0x0000000000000066       0x33 ./src/sysinit.o
 .ARM.attributes
                0x0000000000000099       0x33 ./src/virtual_cane.o
 .ARM.attributes
                0x00000000000000cc       0x33 /Users/tomdeeds/Documents/LPCXpresso_8.2.2/workspace/lpc_board_nxp_lpcxpresso_1769/Debug/liblpc_board_nxp_lpcxpresso_1769.a(board.o)
 .ARM.attributes
                0x00000000000000ff       0x33 /Users/tomdeeds/Documents/LPCXpresso_8.2.2/workspace/lpc_board_nxp_lpcxpresso_1769/Debug/liblpc_board_nxp_lpcxpresso_1769.a(board_sysinit.o)
 .ARM.attributes
                0x0000000000000132       0x33 /Users/tomdeeds/Documents/LPCXpresso_8.2.2/workspace/lpc_chip_175x_6x/Debug/liblpc_chip_175x_6x.a(chip_17xx_40xx.o)
 .ARM.attributes
                0x0000000000000165       0x33 /Users/tomdeeds/Documents/LPCXpresso_8.2.2/workspace/lpc_chip_175x_6x/Debug/liblpc_chip_175x_6x.a(clock_17xx_40xx.o)
 .ARM.attributes
                0x0000000000000198       0x33 /Users/tomdeeds/Documents/LPCXpresso_8.2.2/workspace/lpc_chip_175x_6x/Debug/liblpc_chip_175x_6x.a(i2c_17xx_40xx.o)
 .ARM.attributes
                0x00000000000001cb       0x33 /Users/tomdeeds/Documents/LPCXpresso_8.2.2/workspace/lpc_chip_175x_6x/Debug/liblpc_chip_175x_6x.a(iocon_17xx_40xx.o)
 .ARM.attributes
                0x00000000000001fe       0x33 /Users/tomdeeds/Documents/LPCXpresso_8.2.2/workspace/lpc_chip_175x_6x/Debug/liblpc_chip_175x_6x.a(pwm_17xx_40xx.o)
 .ARM.attributes
                0x0000000000000231       0x33 /Users/tomdeeds/Documents/LPCXpresso_8.2.2/workspace/lpc_chip_175x_6x/Debug/liblpc_chip_175x_6x.a(sysinit_17xx_40xx.o)
 .ARM.attributes
                0x0000000000000264       0x33 /Users/tomdeeds/Documents/LPCXpresso_8.2.2/workspace/lpc_chip_175x_6x/Debug/liblpc_chip_175x_6x.a(uart_17xx_40xx.o)
 .ARM.attributes
                0x0000000000000297       0x33 /Applications/lpcxpresso_8.2.2_650/lpcxpresso/tools/bin/../lib/gcc/arm-none-eabi/5.4.1/../../../../arm-none-eabi/lib/armv7-m/libcr_c.a(__weak__main.o)

.debug_frame    0x0000000000000000     0x1d48
 .debug_frame   0x0000000000000000      0x170 ./src/cr_startup_lpc175x_6x.o
 .debug_frame   0x0000000000000170       0x34 ./src/sysinit.o
 .debug_frame   0x00000000000001a4      0x388 ./src/virtual_cane.o
 .debug_frame   0x000000000000052c      0x5d4 /Users/tomdeeds/Documents/LPCXpresso_8.2.2/workspace/lpc_board_nxp_lpcxpresso_1769/Debug/liblpc_board_nxp_lpcxpresso_1769.a(board.o)
 .debug_frame   0x0000000000000b00       0x8c /Users/tomdeeds/Documents/LPCXpresso_8.2.2/workspace/lpc_board_nxp_lpcxpresso_1769/Debug/liblpc_board_nxp_lpcxpresso_1769.a(board_sysinit.o)
 .debug_frame   0x0000000000000b8c       0x88 /Users/tomdeeds/Documents/LPCXpresso_8.2.2/workspace/lpc_chip_175x_6x/Debug/liblpc_chip_175x_6x.a(chip_17xx_40xx.o)
 .debug_frame   0x0000000000000c14      0x490 /Users/tomdeeds/Documents/LPCXpresso_8.2.2/workspace/lpc_chip_175x_6x/Debug/liblpc_chip_175x_6x.a(clock_17xx_40xx.o)
 .debug_frame   0x00000000000010a4      0x4c8 /Users/tomdeeds/Documents/LPCXpresso_8.2.2/workspace/lpc_chip_175x_6x/Debug/liblpc_chip_175x_6x.a(i2c_17xx_40xx.o)
 .debug_frame   0x000000000000156c       0x80 /Users/tomdeeds/Documents/LPCXpresso_8.2.2/workspace/lpc_chip_175x_6x/Debug/liblpc_chip_175x_6x.a(iocon_17xx_40xx.o)
 .debug_frame   0x00000000000015ec       0xf8 /Users/tomdeeds/Documents/LPCXpresso_8.2.2/workspace/lpc_chip_175x_6x/Debug/liblpc_chip_175x_6x.a(pwm_17xx_40xx.o)
 .debug_frame   0x00000000000016e4      0x12c /Users/tomdeeds/Documents/LPCXpresso_8.2.2/workspace/lpc_chip_175x_6x/Debug/liblpc_chip_175x_6x.a(sysinit_17xx_40xx.o)
 .debug_frame   0x0000000000001810      0x538 /Users/tomdeeds/Documents/LPCXpresso_8.2.2/workspace/lpc_chip_175x_6x/Debug/liblpc_chip_175x_6x.a(uart_17xx_40xx.o)
