Archive member included to satisfy reference by file (symbol)

/Users/tomdeeds/Documents/LPCXpresso_8.2.2/workspace/lpc_board_nxp_lpcxpresso_1769/Debug/liblpc_board_nxp_lpcxpresso_1769.a(board.o)
                              ./src/virtual_cane.o (Board_LED_Toggle)
/Users/tomdeeds/Documents/LPCXpresso_8.2.2/workspace/lpc_board_nxp_lpcxpresso_1769/Debug/liblpc_board_nxp_lpcxpresso_1769.a(board_sysinit.o)
                              ./src/sysinit.o (Board_SystemInit)
/Users/tomdeeds/Documents/LPCXpresso_8.2.2/workspace/lpc_chip_175x_6x/Debug/liblpc_chip_175x_6x.a(chip_17xx_40xx.o)
                              ./src/virtual_cane.o (SystemCoreClock)
/Users/tomdeeds/Documents/LPCXpresso_8.2.2/workspace/lpc_chip_175x_6x/Debug/liblpc_chip_175x_6x.a(clock_17xx_40xx.o)
                              /Users/tomdeeds/Documents/LPCXpresso_8.2.2/workspace/lpc_chip_175x_6x/Debug/liblpc_chip_175x_6x.a(chip_17xx_40xx.o) (Chip_Clock_EnablePLL)
/Users/tomdeeds/Documents/LPCXpresso_8.2.2/workspace/lpc_chip_175x_6x/Debug/liblpc_chip_175x_6x.a(i2c_17xx_40xx.o)
                              ./src/virtual_cane.o (Chip_I2C_EventHandler)
/Users/tomdeeds/Documents/LPCXpresso_8.2.2/workspace/lpc_chip_175x_6x/Debug/liblpc_chip_175x_6x.a(i2s_17xx_40xx.o)
                              /Users/tomdeeds/Documents/LPCXpresso_8.2.2/workspace/lpc_board_nxp_lpcxpresso_1769/Debug/liblpc_board_nxp_lpcxpresso_1769.a(board.o) (Chip_I2S_Init)
/Users/tomdeeds/Documents/LPCXpresso_8.2.2/workspace/lpc_chip_175x_6x/Debug/liblpc_chip_175x_6x.a(iocon_17xx_40xx.o)
                              /Users/tomdeeds/Documents/LPCXpresso_8.2.2/workspace/lpc_board_nxp_lpcxpresso_1769/Debug/liblpc_board_nxp_lpcxpresso_1769.a(board.o) (Chip_IOCON_PinMux)
/Users/tomdeeds/Documents/LPCXpresso_8.2.2/workspace/lpc_chip_175x_6x/Debug/liblpc_chip_175x_6x.a(pwm_17xx_40xx.o)
                              ./src/virtual_cane.o (Chip_PWM_Reset)
/Users/tomdeeds/Documents/LPCXpresso_8.2.2/workspace/lpc_chip_175x_6x/Debug/liblpc_chip_175x_6x.a(sysinit_17xx_40xx.o)
                              /Users/tomdeeds/Documents/LPCXpresso_8.2.2/workspace/lpc_board_nxp_lpcxpresso_1769/Debug/liblpc_board_nxp_lpcxpresso_1769.a(board_sysinit.o) (Chip_SetupXtalClocking)
/Users/tomdeeds/Documents/LPCXpresso_8.2.2/workspace/lpc_chip_175x_6x/Debug/liblpc_chip_175x_6x.a(uart_17xx_40xx.o)
                              /Users/tomdeeds/Documents/LPCXpresso_8.2.2/workspace/lpc_board_nxp_lpcxpresso_1769/Debug/liblpc_board_nxp_lpcxpresso_1769.a(board.o) (Chip_UART_Init)
/Users/tomdeeds/Documents/LPCXpresso_8.2.2/workspace/lpc_chip_175x_6x/Debug/liblpc_chip_175x_6x.a(ring_buffer.o)
                              /Users/tomdeeds/Documents/LPCXpresso_8.2.2/workspace/lpc_chip_175x_6x/Debug/liblpc_chip_175x_6x.a(uart_17xx_40xx.o) (RingBuffer_Insert)
/Applications/lpcxpresso_8.2.2_650/lpcxpresso/tools/bin/../lib/gcc/arm-none-eabi/5.4.1/../../../../arm-none-eabi/lib/armv7-m/libcr_c.a(memcpy.o)
                              ./src/virtual_cane.o (memcpy)
/Applications/lpcxpresso_8.2.2_650/lpcxpresso/tools/bin/../lib/gcc/arm-none-eabi/5.4.1/../../../../arm-none-eabi/lib/armv7-m/libcr_c.a(__weak__main.o)
                              ./src/cr_startup_lpc175x_6x.o (__main)
/Applications/lpcxpresso_8.2.2_650/lpcxpresso/tools/bin/../lib/gcc/arm-none-eabi/5.4.1/armv7-m/libcr_eabihelpers.a(division_64.o)
                              /Users/tomdeeds/Documents/LPCXpresso_8.2.2/workspace/lpc_chip_175x_6x/Debug/liblpc_chip_175x_6x.a(i2s_17xx_40xx.o) (__aeabi_uldivmod)
/Applications/lpcxpresso_8.2.2_650/lpcxpresso/tools/bin/../lib/gcc/arm-none-eabi/5.4.1/armv7-m/libcr_eabihelpers.a(division_idiv0.o)
                              /Applications/lpcxpresso_8.2.2_650/lpcxpresso/tools/bin/../lib/gcc/arm-none-eabi/5.4.1/armv7-m/libcr_eabihelpers.a(division_64.o) (__aeabi_idiv0)
/Applications/lpcxpresso_8.2.2_650/lpcxpresso/tools/bin/../lib/gcc/arm-none-eabi/5.4.1/armv7-m/libcr_eabihelpers.a(memcpy.o)
                              /Applications/lpcxpresso_8.2.2_650/lpcxpresso/tools/bin/../lib/gcc/arm-none-eabi/5.4.1/../../../../arm-none-eabi/lib/armv7-m/libcr_c.a(memcpy.o) (__aeabi_memcpy)

Allocating common symbols
Common symbol       size              file

SystemCoreClock     0x4               /Users/tomdeeds/Documents/LPCXpresso_8.2.2/workspace/lpc_chip_175x_6x/Debug/liblpc_chip_175x_6x.a(chip_17xx_40xx.o)

Discarded input sections

 .group         0x0000000000000000        0x8 ./src/cr_startup_lpc175x_6x.o
 .text          0x0000000000000000        0x0 ./src/cr_startup_lpc175x_6x.o
 .data          0x0000000000000000        0x0 ./src/cr_startup_lpc175x_6x.o
 .bss           0x0000000000000000        0x0 ./src/cr_startup_lpc175x_6x.o
 .group         0x0000000000000000        0x8 ./src/crp.o
 .group         0x0000000000000000        0x8 ./src/crp.o
 .text          0x0000000000000000        0x0 ./src/crp.o
 .data          0x0000000000000000        0x0 ./src/crp.o
 .bss           0x0000000000000000        0x0 ./src/crp.o
[...]
Memory Configuration

Name             Origin             Length             Attributes
MFlash512        0x0000000000000000 0x0000000000080000 xr
RamLoc32         0x0000000010000000 0x0000000000008000 xrw
RamAHB32         0x000000002007c000 0x0000000000008000 xrw
*default*        0x0000000000000000 0xffffffffffffffff

Linker script and memory map

LOAD ./src/cr_startup_lpc175x_6x.o
LOAD ./src/crp.o
LOAD ./src/sysinit.o
LOAD ./src/virtual_cane.o
LOAD /Users/tomdeeds/Documents/LPCXpresso_8.2.2/workspace/lpc_board_nxp_lpcxpresso_1769/Debug/liblpc_board_nxp_lpcxpresso_1769.a
LOAD /Users/tomdeeds/Documents/LPCXpresso_8.2.2/workspace/lpc_chip_175x_6x/Debug/liblpc_chip_175x_6x.a
START GROUP
LOAD /Applications/lpcxpresso_8.2.2_650/lpcxpresso/tools/bin/../lib/gcc/arm-none-eabi/5.4.1/../../../../arm-none-eabi/lib/armv7-m/libcr_c.a
LOAD /Applications/lpcxpresso_8.2.2_650/lpcxpresso/tools/bin/../lib/gcc/arm-none-eabi/5.4.1/armv7-m/libcr_eabihelpers.a
END GROUP
                0x0000000000000000                __base_MFlash512 = 0x0
                0x0000000000000000                __base_Flash = 0x0
                0x0000000000080000                __top_MFlash512 = 0x80000
                0x0000000000080000                __top_Flash = 0x80000
                0x0000000010000000                __base_RamLoc32 = 0x10000000
                0x0000000010000000                __base_RAM = 0x10000000
                0x0000000010008000                __top_RamLoc32 = 0x10008000
                0x0000000010008000                __top_RAM = 0x10008000
                0x000000002007c000                __base_RamAHB32 = 0x2007c000
                0x000000002007c000                __base_RAM2 = 0x2007c000
                0x0000000020084000                __top_RamAHB32 = 0x20084000
                0x0000000020084000                __top_RAM2 = 0x20084000

.text           0x0000000000000000     0x23dc
 FILL mask 0xff
                0x0000000000000000                __vectors_start__ = ABSOLUTE (.)
 *(.isr_vector)
 .isr_vector    0x0000000000000000       0xcc ./src/cr_startup_lpc175x_6x.o
                0x0000000000000000                g_pfnVectors
                0x00000000000000cc                . = ALIGN (0x4)
                0x00000000000000cc                __section_table_start = .
                0x00000000000000cc                __data_section_table = .
                0x00000000000000cc        0x4 LONG 0x23dc LOADADDR (.data)
                0x00000000000000d0        0x4 LONG 0x10000000 ADDR (.data)
                0x00000000000000d4        0x4 LONG 0x58 SIZEOF (.data)
                0x00000000000000d8        0x4 LONG 0x23dc LOADADDR (.data_RAM2)
                0x00000000000000dc        0x4 LONG 0x2007c000 ADDR (.data_RAM2)
                0x00000000000000e0        0x4 LONG 0x0 SIZEOF (.data_RAM2)
                0x00000000000000e4                __data_section_table_end = .
                0x00000000000000e4                __bss_section_table = .
                0x00000000000000e4        0x4 LONG 0x10000058 ADDR (.bss)
                0x00000000000000e8        0x4 LONG 0x84 SIZEOF (.bss)
                0x00000000000000ec        0x4 LONG 0x2007c000 ADDR (.bss_RAM2)
                0x00000000000000f0        0x4 LONG 0x0 SIZEOF (.bss_RAM2)
                0x00000000000000f4                __bss_section_table_end = .
                0x00000000000000f4                __section_table_end = .
 *(.after_vectors*)
 .after_vectors
                0x00000000000000f4      0x144 ./src/cr_startup_lpc175x_6x.o
                0x00000000000000f4                data_init
                0x0000000000000138                bss_init
                0x0000000000000170                ResetISR
                0x00000000000001e8                NMI_Handler
                0x00000000000001f0                HardFault_Handler
                0x00000000000001f8                MemManage_Handler
                0x0000000000000200                BusFault_Handler
                0x0000000000000208                UsageFault_Handler
                0x0000000000000210                SVC_Handler
                0x0000000000000218                DebugMon_Handler
                0x0000000000000220                PendSV_Handler
                0x0000000000000230                IntDefaultHandler
                0x0000000000000230                PLL0_IRQHandler
                0x0000000000000230                CAN_IRQHandler
                0x0000000000000230                PLL1_IRQHandler
                0x0000000000000230                SSP0_IRQHandler
                0x0000000000000230                I2S_IRQHandler
                0x0000000000000230                I2C2_IRQHandler
                0x0000000000000230                RTC_IRQHandler
                0x0000000000000230                TIMER0_IRQHandler
                0x0000000000000230                SPI_IRQHandler
                0x0000000000000230                EINT1_IRQHandler
                0x0000000000000230                TIMER1_IRQHandler
                0x0000000000000230                UART2_IRQHandler
                0x0000000000000230                ADC_IRQHandler
                0x0000000000000230                SSP1_IRQHandler
                0x0000000000000230                USB_IRQHandler
                0x0000000000000230                BOD_IRQHandler
                0x0000000000000230                WDT_IRQHandler
                0x0000000000000230                QEI_IRQHandler
                0x0000000000000230                EINT0_IRQHandler
                0x0000000000000230                ETH_IRQHandler
                0x0000000000000230                DMA_IRQHandler
                0x0000000000000230                UART3_IRQHandler
                0x0000000000000230                TIMER2_IRQHandler
                0x0000000000000230                MCPWM_IRQHandler
                0x0000000000000230                RIT_IRQHandler
                0x0000000000000230                USBActivity_IRQHandler
                0x0000000000000230                PWM1_IRQHandler
                0x0000000000000230                I2C1_IRQHandler
                0x0000000000000230                EINT2_IRQHandler
                0x0000000000000230                UART1_IRQHandler
                0x0000000000000230                EINT3_IRQHandler
                0x0000000000000230                CANActivity_IRQHandler
                0x0000000000000230                TIMER3_IRQHandler
                0x0000000000000230                UART0_IRQHandler
                0x00000000000002fc                . = 0x2fc
 *fill*         0x0000000000000238       0xc4 ff
                0x00000000000002fc                PROVIDE (__CRP_WORD_START__, .)
 *(.crp)
 .crp           0x00000000000002fc        0x4 ./src/crp.o
                0x00000000000002fc                CRP_WORD
                0x0000000000000300                PROVIDE (__CRP_WORD_END__, .)
                0x0000000000000001                ASSERT (! ((__CRP_WORD_START__ == __CRP_WORD_END__)), Linker CRP Enabled, but no CRP_WORD provided within application)
 *(.text*)
 .text.SystemInit
                0x0000000000000300       0x24 ./src/sysinit.o
                0x0000000000000300                SystemInit
 .text.NVIC_EnableIRQ
                0x0000000000000324       0x30 ./src/virtual_cane.o
 .text.NVIC_DisableIRQ
                0x0000000000000354       0x34 ./src/virtual_cane.o
 .text.NVIC_SetPriority
                0x0000000000000388       0x54 ./src/virtual_cane.o
 .text.SysTick_Config
                0x00000000000003dc       0x44 ./src/virtual_cane.o
 .text.i2c_state_handling
                0x0000000000000420       0x34 ./src/virtual_cane.o
 .text.i2c_set_mode
                0x0000000000000454       0x84 ./src/virtual_cane.o
 .text.I2C0_IRQHandler
                0x00000000000004d8       0x10 ./src/virtual_cane.o
                0x00000000000004d8                I2C0_IRQHandler
 .text.i2c_app_init
                0x00000000000004e8       0x3c ./src/virtual_cane.o
 .text.haptic_trigger_mode
                0x0000000000000524       0x24 ./src/virtual_cane.o
                0x0000000000000524                haptic_trigger_mode
 .text.haptic_set_waveform_queue
                0x0000000000000548       0x24 ./src/virtual_cane.o
                0x0000000000000548                haptic_set_waveform_queue
 .text.haptic_select_waveform_library
                0x000000000000056c       0x48 ./src/virtual_cane.o
                0x000000000000056c                haptic_select_waveform_library
 .text.haptic_trigger_waveform
                0x00000000000005b4       0x40 ./src/virtual_cane.o
                0x00000000000005b4                haptic_trigger_waveform
 .text.haptic_init
                0x00000000000005f4       0x38 ./src/virtual_cane.o
                0x00000000000005f4                haptic_init
 .text.haptic_notify
                0x000000000000062c       0x10 ./src/virtual_cane.o
                0x000000000000062c                haptic_notify
 .text.haptic_calibrate
                0x000000000000063c      0x100 ./src/virtual_cane.o
                0x000000000000063c                haptic_calibrate
 .text.distance_to_sound
                0x000000000000073c       0xa0 ./src/virtual_cane.o
                0x000000000000073c                distance_to_sound
 .text.calibrate_lidar
                0x00000000000007dc       0x2c ./src/virtual_cane.o
                0x00000000000007dc                calibrate_lidar
 .text.read_data
                0x0000000000000808       0x5c ./src/virtual_cane.o
                0x0000000000000808                read_data
 .text.check_status
                0x0000000000000864       0x40 ./src/virtual_cane.o
                0x0000000000000864                check_status
 .text.SysTick_Handler
                0x00000000000008a4       0x64 ./src/virtual_cane.o
                0x00000000000008a4                SysTick_Handler
 .text.main     0x0000000000000908       0x3c ./src/virtual_cane.o
                0x0000000000000908                main
 .text.Chip_IOCON_Init
                0x0000000000000944       0x18 /Users/tomdeeds/Documents/LPCXpresso_8.2.2/workspace/lpc_board_nxp_lpcxpresso_1769/Debug/liblpc_board_nxp_lpcxpresso_1769.a(board.o)
 .text.Chip_IOCON_EnableOD
                0x000000000000095c       0x38 /Users/tomdeeds/Documents/LPCXpresso_8.2.2/workspace/lpc_board_nxp_lpcxpresso_1769/Debug/liblpc_board_nxp_lpcxpresso_1769.a(board.o)
 .text.Chip_IOCON_SetI2CPad
                0x0000000000000994       0x1c /Users/tomdeeds/Documents/LPCXpresso_8.2.2/workspace/lpc_board_nxp_lpcxpresso_1769/Debug/liblpc_board_nxp_lpcxpresso_1769.a(board.o)
 .text.Chip_GPIO_Init
                0x00000000000009b0       0x18 /Users/tomdeeds/Documents/LPCXpresso_8.2.2/workspace/lpc_board_nxp_lpcxpresso_1769/Debug/liblpc_board_nxp_lpcxpresso_1769.a(board.o)
 .text.Chip_GPIO_SetPinState
                0x00000000000009c8       0x68 /Users/tomdeeds/Documents/LPCXpresso_8.2.2/workspace/lpc_board_nxp_lpcxpresso_1769/Debug/liblpc_board_nxp_lpcxpresso_1769.a(board.o)
 .text.Chip_GPIO_WritePortBit
                0x0000000000000a30       0x2c /Users/tomdeeds/Documents/LPCXpresso_8.2.2/workspace/lpc_board_nxp_lpcxpresso_1769/Debug/liblpc_board_nxp_lpcxpresso_1769.a(board.o)
 .text.Chip_GPIO_GetPinState
                0x0000000000000a5c       0x38 /Users/tomdeeds/Documents/LPCXpresso_8.2.2/workspace/lpc_board_nxp_lpcxpresso_1769/Debug/liblpc_board_nxp_lpcxpresso_1769.a(board.o)
 .text.Chip_GPIO_ReadPortBit
                0x0000000000000a94       0x28 /Users/tomdeeds/Documents/LPCXpresso_8.2.2/workspace/lpc_board_nxp_lpcxpresso_1769/Debug/liblpc_board_nxp_lpcxpresso_1769.a(board.o)
 .text.Chip_GPIO_SetPinDIROutput
                0x0000000000000abc       0x38 /Users/tomdeeds/Documents/LPCXpresso_8.2.2/workspace/lpc_board_nxp_lpcxpresso_1769/Debug/liblpc_board_nxp_lpcxpresso_1769.a(board.o)
 .text.Chip_GPIO_SetPinDIRInput
                0x0000000000000af4       0x3c /Users/tomdeeds/Documents/LPCXpresso_8.2.2/workspace/lpc_board_nxp_lpcxpresso_1769/Debug/liblpc_board_nxp_lpcxpresso_1769.a(board.o)
 .text.Chip_GPIO_SetPinDIR
                0x0000000000000b30       0x44 /Users/tomdeeds/Documents/LPCXpresso_8.2.2/workspace/lpc_board_nxp_lpcxpresso_1769/Debug/liblpc_board_nxp_lpcxpresso_1769.a(board.o)
 .text.Chip_GPIO_WriteDirBit
                0x0000000000000b74       0x30 /Users/tomdeeds/Documents/LPCXpresso_8.2.2/workspace/lpc_board_nxp_lpcxpresso_1769/Debug/liblpc_board_nxp_lpcxpresso_1769.a(board.o)
 .text.Chip_UART_ConfigData
                0x0000000000000ba4       0x1c /Users/tomdeeds/Documents/LPCXpresso_8.2.2/workspace/lpc_board_nxp_lpcxpresso_1769/Debug/liblpc_board_nxp_lpcxpresso_1769.a(board.o)
 .text.Board_LED_Init
                0x0000000000000bc0       0x18 /Users/tomdeeds/Documents/LPCXpresso_8.2.2/workspace/lpc_board_nxp_lpcxpresso_1769/Debug/liblpc_board_nxp_lpcxpresso_1769.a(board.o)
 .text.Board_UART_Init
                0x0000000000000bd8       0x14 /Users/tomdeeds/Documents/LPCXpresso_8.2.2/workspace/lpc_board_nxp_lpcxpresso_1769/Debug/liblpc_board_nxp_lpcxpresso_1769.a(board.o)
                0x0000000000000bd8                Board_UART_Init
 .text.Board_Debug_Init
                0x0000000000000bec       0x30 /Users/tomdeeds/Documents/LPCXpresso_8.2.2/workspace/lpc_board_nxp_lpcxpresso_1769/Debug/liblpc_board_nxp_lpcxpresso_1769.a(board.o)
                0x0000000000000bec                Board_Debug_Init
 .text.Board_LED_Set
                0x0000000000000c1c       0x30 /Users/tomdeeds/Documents/LPCXpresso_8.2.2/workspace/lpc_board_nxp_lpcxpresso_1769/Debug/liblpc_board_nxp_lpcxpresso_1769.a(board.o)
                0x0000000000000c1c                Board_LED_Set
 .text.Board_LED_Test
                0x0000000000000c4c       0x30 /Users/tomdeeds/Documents/LPCXpresso_8.2.2/workspace/lpc_board_nxp_lpcxpresso_1769/Debug/liblpc_board_nxp_lpcxpresso_1769.a(board.o)
                0x0000000000000c4c                Board_LED_Test
 .text.Board_LED_Toggle
                0x0000000000000c7c       0x44 /Users/tomdeeds/Documents/LPCXpresso_8.2.2/workspace/lpc_board_nxp_lpcxpresso_1769/Debug/liblpc_board_nxp_lpcxpresso_1769.a(board.o)
                0x0000000000000c7c                Board_LED_Toggle
 .text.Board_Init
                0x0000000000000cc0       0x24 /Users/tomdeeds/Documents/LPCXpresso_8.2.2/workspace/lpc_board_nxp_lpcxpresso_1769/Debug/liblpc_board_nxp_lpcxpresso_1769.a(board.o)
                0x0000000000000cc0                Board_Init
 .text.Board_I2C_Init
                0x0000000000000ce4       0xbc /Users/tomdeeds/Documents/LPCXpresso_8.2.2/workspace/lpc_board_nxp_lpcxpresso_1769/Debug/liblpc_board_nxp_lpcxpresso_1769.a(board.o)
                0x0000000000000ce4                Board_I2C_Init
 .text.Chip_SYSCTL_SetFLASHAccess
                0x0000000000000da0       0x30 /Users/tomdeeds/Documents/LPCXpresso_8.2.2/workspace/lpc_board_nxp_lpcxpresso_1769/Debug/liblpc_board_nxp_lpcxpresso_1769.a(board_sysinit.o)
 .text.Board_SetupMuxing
                0x0000000000000dd0       0x1c /Users/tomdeeds/Documents/LPCXpresso_8.2.2/workspace/lpc_board_nxp_lpcxpresso_1769/Debug/liblpc_board_nxp_lpcxpresso_1769.a(board_sysinit.o)
                0x0000000000000dd0                Board_SetupMuxing
 .text.Board_SetupClocking
                0x0000000000000dec       0x14 /Users/tomdeeds/Documents/LPCXpresso_8.2.2/workspace/lpc_board_nxp_lpcxpresso_1769/Debug/liblpc_board_nxp_lpcxpresso_1769.a(board_sysinit.o)
                0x0000000000000dec                Board_SetupClocking
 .text.Board_SystemInit
                0x0000000000000e00       0x10 /Users/tomdeeds/Documents/LPCXpresso_8.2.2/workspace/lpc_board_nxp_lpcxpresso_1769/Debug/liblpc_board_nxp_lpcxpresso_1769.a(board_sysinit.o)
                0x0000000000000e00                Board_SystemInit
 .text.SystemCoreClockUpdate
                0x0000000000000e10       0x18 /Users/tomdeeds/Documents/LPCXpresso_8.2.2/workspace/lpc_chip_175x_6x/Debug/liblpc_chip_175x_6x.a(chip_17xx_40xx.o)
                0x0000000000000e10                SystemCoreClockUpdate
 .text.Chip_Clock_IsMainPLLEnabled
                0x0000000000000e28       0x24 /Users/tomdeeds/Documents/LPCXpresso_8.2.2/workspace/lpc_chip_175x_6x/Debug/liblpc_chip_175x_6x.a(clock_17xx_40xx.o)
 .text.Chip_Clock_IsMainPLLConnected
                0x0000000000000e4c       0x24 /Users/tomdeeds/Documents/LPCXpresso_8.2.2/workspace/lpc_chip_175x_6x/Debug/liblpc_chip_175x_6x.a(clock_17xx_40xx.o)
 .text.Chip_Clock_FeedPLL
                0x0000000000000e70       0x34 /Users/tomdeeds/Documents/LPCXpresso_8.2.2/workspace/lpc_chip_175x_6x/Debug/liblpc_chip_175x_6x.a(clock_17xx_40xx.o)
 .text.Chip_Clock_GetMainPLLSource
                0x0000000000000ea4       0x20 /Users/tomdeeds/Documents/LPCXpresso_8.2.2/workspace/lpc_chip_175x_6x/Debug/liblpc_chip_175x_6x.a(clock_17xx_40xx.o)
 .text.Chip_Clock_GetMainOscRate
                0x0000000000000ec4       0x14 /Users/tomdeeds/Documents/LPCXpresso_8.2.2/workspace/lpc_chip_175x_6x/Debug/liblpc_chip_175x_6x.a(clock_17xx_40xx.o)
 .text.Chip_Clock_GetIntOscRate
                0x0000000000000ed8       0x14 /Users/tomdeeds/Documents/LPCXpresso_8.2.2/workspace/lpc_chip_175x_6x/Debug/liblpc_chip_175x_6x.a(clock_17xx_40xx.o)
 .text.Chip_Clock_GetRTCOscRate
                0x0000000000000eec       0x14 /Users/tomdeeds/Documents/LPCXpresso_8.2.2/workspace/lpc_chip_175x_6x/Debug/liblpc_chip_175x_6x.a(clock_17xx_40xx.o)
 .text.Chip_Clock_GetMainPLLInClockRate
                0x0000000000000f00       0x10 /Users/tomdeeds/Documents/LPCXpresso_8.2.2/workspace/lpc_chip_175x_6x/Debug/liblpc_chip_175x_6x.a(clock_17xx_40xx.o)
 .text.Chip_Clock_EnablePLL
                0x0000000000000f10       0x44 /Users/tomdeeds/Documents/LPCXpresso_8.2.2/workspace/lpc_chip_175x_6x/Debug/liblpc_chip_175x_6x.a(clock_17xx_40xx.o)
                0x0000000000000f10                Chip_Clock_EnablePLL
 .text.Chip_Clock_DisablePLL
                0x0000000000000f54       0x48 /Users/tomdeeds/Documents/LPCXpresso_8.2.2/workspace/lpc_chip_175x_6x/Debug/liblpc_chip_175x_6x.a(clock_17xx_40xx.o)
                0x0000000000000f54                Chip_Clock_DisablePLL
 .text.Chip_Clock_SetupPLL
                0x0000000000000f9c       0x5c /Users/tomdeeds/Documents/LPCXpresso_8.2.2/workspace/lpc_chip_175x_6x/Debug/liblpc_chip_175x_6x.a(clock_17xx_40xx.o)
                0x0000000000000f9c                Chip_Clock_SetupPLL
 .text.Chip_Clock_EnablePeriphClock
                0x0000000000000ff8       0x34 /Users/tomdeeds/Documents/LPCXpresso_8.2.2/workspace/lpc_chip_175x_6x/Debug/liblpc_chip_175x_6x.a(clock_17xx_40xx.o)
                0x0000000000000ff8                Chip_Clock_EnablePeriphClock
 .text.Chip_Clock_GetCPUClockSource
                0x000000000000102c       0x24 /Users/tomdeeds/Documents/LPCXpresso_8.2.2/workspace/lpc_chip_175x_6x/Debug/liblpc_chip_175x_6x.a(clock_17xx_40xx.o)
                0x000000000000102c                Chip_Clock_GetCPUClockSource
 .text.Chip_Clock_SetCPUClockDiv
                0x0000000000001050       0x20 /Users/tomdeeds/Documents/LPCXpresso_8.2.2/workspace/lpc_chip_175x_6x/Debug/liblpc_chip_175x_6x.a(clock_17xx_40xx.o)
                0x0000000000001050                Chip_Clock_SetCPUClockDiv
 .text.Chip_Clock_GetCPUClockDiv
                0x0000000000001070       0x1c /Users/tomdeeds/Documents/LPCXpresso_8.2.2/workspace/lpc_chip_175x_6x/Debug/liblpc_chip_175x_6x.a(clock_17xx_40xx.o)
                0x0000000000001070                Chip_Clock_GetCPUClockDiv
 .text.Chip_Clock_GetPCLKDiv
                0x000000000000108c       0x8c /Users/tomdeeds/Documents/LPCXpresso_8.2.2/workspace/lpc_chip_175x_6x/Debug/liblpc_chip_175x_6x.a(clock_17xx_40xx.o)
                0x000000000000108c                Chip_Clock_GetPCLKDiv
 .text.Chip_Clock_GetSYSCLKRate
                0x0000000000001118       0x34 /Users/tomdeeds/Documents/LPCXpresso_8.2.2/workspace/lpc_chip_175x_6x/Debug/liblpc_chip_175x_6x.a(clock_17xx_40xx.o)
                0x0000000000001118                Chip_Clock_GetSYSCLKRate
 .text.Chip_Clock_GetMainPLLOutClockRate
                0x000000000000114c       0x54 /Users/tomdeeds/Documents/LPCXpresso_8.2.2/workspace/lpc_chip_175x_6x/Debug/liblpc_chip_175x_6x.a(clock_17xx_40xx.o)
                0x000000000000114c                Chip_Clock_GetMainPLLOutClockRate
 .text.Chip_Clock_GetMainClockRate
                0x00000000000011a0       0x28 /Users/tomdeeds/Documents/LPCXpresso_8.2.2/workspace/lpc_chip_175x_6x/Debug/liblpc_chip_175x_6x.a(clock_17xx_40xx.o)
                0x00000000000011a0                Chip_Clock_GetMainClockRate
 .text.Chip_Clock_GetSystemClockRate
                0x00000000000011c8       0x18 /Users/tomdeeds/Documents/LPCXpresso_8.2.2/workspace/lpc_chip_175x_6x/Debug/liblpc_chip_175x_6x.a(clock_17xx_40xx.o)
                0x00000000000011c8                Chip_Clock_GetSystemClockRate
 .text.Chip_Clock_GetPeripheralClockRate
                0x00000000000011e0       0x28 /Users/tomdeeds/Documents/LPCXpresso_8.2.2/workspace/lpc_chip_175x_6x/Debug/liblpc_chip_175x_6x.a(clock_17xx_40xx.o)
                0x00000000000011e0                Chip_Clock_GetPeripheralClockRate
 .text.enableClk
                0x0000000000001208       0x30 /Users/tomdeeds/Documents/LPCXpresso_8.2.2/workspace/lpc_chip_175x_6x/Debug/liblpc_chip_175x_6x.a(i2c_17xx_40xx.o)
 .text.getClkRate
                0x0000000000001238       0x24 /Users/tomdeeds/Documents/LPCXpresso_8.2.2/workspace/lpc_chip_175x_6x/Debug/liblpc_chip_175x_6x.a(i2c_17xx_40xx.o)
 .text.startMasterXfer
                0x000000000000125c       0x20 /Users/tomdeeds/Documents/LPCXpresso_8.2.2/workspace/lpc_chip_175x_6x/Debug/liblpc_chip_175x_6x.a(i2c_17xx_40xx.o)
 .text.startSlaverXfer
                0x000000000000127c       0x20 /Users/tomdeeds/Documents/LPCXpresso_8.2.2/workspace/lpc_chip_175x_6x/Debug/liblpc_chip_175x_6x.a(i2c_17xx_40xx.o)
 .text.isI2CBusFree
                0x000000000000129c       0x24 /Users/tomdeeds/Documents/LPCXpresso_8.2.2/workspace/lpc_chip_175x_6x/Debug/liblpc_chip_175x_6x.a(i2c_17xx_40xx.o)
 .text.getCurState
                0x00000000000012c0       0x1c /Users/tomdeeds/Documents/LPCXpresso_8.2.2/workspace/lpc_chip_175x_6x/Debug/liblpc_chip_175x_6x.a(i2c_17xx_40xx.o)
 .text.isMasterState
                0x00000000000012dc       0x24 /Users/tomdeeds/Documents/LPCXpresso_8.2.2/workspace/lpc_chip_175x_6x/Debug/liblpc_chip_175x_6x.a(i2c_17xx_40xx.o)
 .text.isSlaveAddrMatching
                0x0000000000001300       0x40 /Users/tomdeeds/Documents/LPCXpresso_8.2.2/workspace/lpc_chip_175x_6x/Debug/liblpc_chip_175x_6x.a(i2c_17xx_40xx.o)
 .text.lookupSlaveIndex
                0x0000000000001340       0x9c /Users/tomdeeds/Documents/LPCXpresso_8.2.2/workspace/lpc_chip_175x_6x/Debug/liblpc_chip_175x_6x.a(i2c_17xx_40xx.o)
 .text.handleMasterXferState
                0x00000000000013dc      0x284 /Users/tomdeeds/Documents/LPCXpresso_8.2.2/workspace/lpc_chip_175x_6x/Debug/liblpc_chip_175x_6x.a(i2c_17xx_40xx.o)
                0x00000000000013dc                handleMasterXferState
 .text.getSlaveIndex
                0x0000000000001660       0x4c /Users/tomdeeds/Documents/LPCXpresso_8.2.2/workspace/lpc_chip_175x_6x/Debug/liblpc_chip_175x_6x.a(i2c_17xx_40xx.o)
                0x0000000000001660                getSlaveIndex
 .text.handleSlaveXferState
                0x00000000000016ac      0x2b8 /Users/tomdeeds/Documents/LPCXpresso_8.2.2/workspace/lpc_chip_175x_6x/Debug/liblpc_chip_175x_6x.a(i2c_17xx_40xx.o)
                0x00000000000016ac                handleSlaveXferState
 .text.Chip_I2C_EventHandler
                0x0000000000001964       0x4c /Users/tomdeeds/Documents/LPCXpresso_8.2.2/workspace/lpc_chip_175x_6x/Debug/liblpc_chip_175x_6x.a(i2c_17xx_40xx.o)
                0x0000000000001964                Chip_I2C_EventHandler
 .text.Chip_I2C_EventHandlerPolling
                0x00000000000019b0       0x60 /Users/tomdeeds/Documents/LPCXpresso_8.2.2/workspace/lpc_chip_175x_6x/Debug/liblpc_chip_175x_6x.a(i2c_17xx_40xx.o)
                0x00000000000019b0                Chip_I2C_EventHandlerPolling
 .text.Chip_I2C_Init
                0x0000000000001a10       0x34 /Users/tomdeeds/Documents/LPCXpresso_8.2.2/workspace/lpc_chip_175x_6x/Debug/liblpc_chip_175x_6x.a(i2c_17xx_40xx.o)
                0x0000000000001a10                Chip_I2C_Init
 .text.Chip_I2C_SetClockRate
                0x0000000000001a44       0x68 /Users/tomdeeds/Documents/LPCXpresso_8.2.2/workspace/lpc_chip_175x_6x/Debug/liblpc_chip_175x_6x.a(i2c_17xx_40xx.o)
                0x0000000000001a44                Chip_I2C_SetClockRate
 .text.Chip_I2C_SetMasterEventHandler
                0x0000000000001aac       0x48 /Users/tomdeeds/Documents/LPCXpresso_8.2.2/workspace/lpc_chip_175x_6x/Debug/liblpc_chip_175x_6x.a(i2c_17xx_40xx.o)
                0x0000000000001aac                Chip_I2C_SetMasterEventHandler
 .text.Chip_I2C_MasterTransfer
                0x0000000000001af4       0x9c /Users/tomdeeds/Documents/LPCXpresso_8.2.2/workspace/lpc_chip_175x_6x/Debug/liblpc_chip_175x_6x.a(i2c_17xx_40xx.o)
                0x0000000000001af4                Chip_I2C_MasterTransfer
 .text.Chip_I2C_MasterSend
                0x0000000000001b90       0x58 /Users/tomdeeds/Documents/LPCXpresso_8.2.2/workspace/lpc_chip_175x_6x/Debug/liblpc_chip_175x_6x.a(i2c_17xx_40xx.o)
                0x0000000000001b90                Chip_I2C_MasterSend
 .text.Chip_I2C_MasterCmdRead
                0x0000000000001be8       0x60 /Users/tomdeeds/Documents/LPCXpresso_8.2.2/workspace/lpc_chip_175x_6x/Debug/liblpc_chip_175x_6x.a(i2c_17xx_40xx.o)
                0x0000000000001be8                Chip_I2C_MasterCmdRead
 .text.Chip_I2C_MasterRead
                0x0000000000001c48       0x54 /Users/tomdeeds/Documents/LPCXpresso_8.2.2/workspace/lpc_chip_175x_6x/Debug/liblpc_chip_175x_6x.a(i2c_17xx_40xx.o)
                0x0000000000001c48                Chip_I2C_MasterRead
 .text.Chip_I2C_IsMasterActive
                0x0000000000001c9c       0x30 /Users/tomdeeds/Documents/LPCXpresso_8.2.2/workspace/lpc_chip_175x_6x/Debug/liblpc_chip_175x_6x.a(i2c_17xx_40xx.o)
                0x0000000000001c9c                Chip_I2C_IsMasterActive
 .text.Chip_I2C_MasterStateHandler
                0x0000000000001ccc       0x60 /Users/tomdeeds/Documents/LPCXpresso_8.2.2/workspace/lpc_chip_175x_6x/Debug/liblpc_chip_175x_6x.a(i2c_17xx_40xx.o)
                0x0000000000001ccc                Chip_I2C_MasterStateHandler
 .text.Chip_I2C_SlaveStateHandler
                0x0000000000001d2c       0xc0 /Users/tomdeeds/Documents/LPCXpresso_8.2.2/workspace/lpc_chip_175x_6x/Debug/liblpc_chip_175x_6x.a(i2c_17xx_40xx.o)
                0x0000000000001d2c                Chip_I2C_SlaveStateHandler
 .text.Chip_I2C_IsStateChanged
                0x0000000000001dec       0x38 /Users/tomdeeds/Documents/LPCXpresso_8.2.2/workspace/lpc_chip_175x_6x/Debug/liblpc_chip_175x_6x.a(i2c_17xx_40xx.o)
                0x0000000000001dec                Chip_I2C_IsStateChanged
 .text.Chip_IOCON_PinMuxSet
                0x0000000000001e24       0x38 /Users/tomdeeds/Documents/LPCXpresso_8.2.2/workspace/lpc_chip_175x_6x/Debug/liblpc_chip_175x_6x.a(iocon_17xx_40xx.o)
                0x0000000000001e24                Chip_IOCON_PinMuxSet
 .text.Chip_IOCON_PinMux
                0x0000000000001e5c       0x94 /Users/tomdeeds/Documents/LPCXpresso_8.2.2/workspace/lpc_chip_175x_6x/Debug/liblpc_chip_175x_6x.a(iocon_17xx_40xx.o)
                0x0000000000001e5c                Chip_IOCON_PinMux
 .text.Chip_IOCON_SetPinMuxing
                0x0000000000001ef0       0x64 /Users/tomdeeds/Documents/LPCXpresso_8.2.2/workspace/lpc_chip_175x_6x/Debug/liblpc_chip_175x_6x.a(iocon_17xx_40xx.o)
                0x0000000000001ef0                Chip_IOCON_SetPinMuxing
 .text.Chip_PWM_Reset
                0x0000000000001f54       0x38 /Users/tomdeeds/Documents/LPCXpresso_8.2.2/workspace/lpc_chip_175x_6x/Debug/liblpc_chip_175x_6x.a(pwm_17xx_40xx.o)
                0x0000000000001f54                Chip_PWM_Reset
 .text.Chip_Clock_IsMainPLLEnabled
                0x0000000000001f8c       0x24 /Users/tomdeeds/Documents/LPCXpresso_8.2.2/workspace/lpc_chip_175x_6x/Debug/liblpc_chip_175x_6x.a(sysinit_17xx_40xx.o)
 .text.Chip_Clock_IsMainPLLLocked
                0x0000000000001fb0       0x24 /Users/tomdeeds/Documents/LPCXpresso_8.2.2/workspace/lpc_chip_175x_6x/Debug/liblpc_chip_175x_6x.a(sysinit_17xx_40xx.o)
 .text.Chip_Clock_IsMainPLLConnected
                0x0000000000001fd4       0x24 /Users/tomdeeds/Documents/LPCXpresso_8.2.2/workspace/lpc_chip_175x_6x/Debug/liblpc_chip_175x_6x.a(sysinit_17xx_40xx.o)
 .text.Chip_Clock_EnableCrystal
                0x0000000000001ff8       0x20 /Users/tomdeeds/Documents/LPCXpresso_8.2.2/workspace/lpc_chip_175x_6x/Debug/liblpc_chip_175x_6x.a(sysinit_17xx_40xx.o)
 .text.Chip_Clock_IsCrystalEnabled
                0x0000000000002018       0x24 /Users/tomdeeds/Documents/LPCXpresso_8.2.2/workspace/lpc_chip_175x_6x/Debug/liblpc_chip_175x_6x.a(sysinit_17xx_40xx.o)
 .text.Chip_Clock_SetMainPLLSource
                0x000000000000203c       0x20 /Users/tomdeeds/Documents/LPCXpresso_8.2.2/workspace/lpc_chip_175x_6x/Debug/liblpc_chip_175x_6x.a(sysinit_17xx_40xx.o)
 .text.Chip_SetupXtalClocking
                0x000000000000205c       0x90 /Users/tomdeeds/Documents/LPCXpresso_8.2.2/workspace/lpc_chip_175x_6x/Debug/liblpc_chip_175x_6x.a(sysinit_17xx_40xx.o)
                0x000000000000205c                Chip_SetupXtalClocking
 .text.Chip_UART_SetupFIFOS
                0x00000000000020ec       0x1c /Users/tomdeeds/Documents/LPCXpresso_8.2.2/workspace/lpc_chip_175x_6x/Debug/liblpc_chip_175x_6x.a(uart_17xx_40xx.o)
 .text.Chip_UART_ConfigData
                0x0000000000002108       0x1c /Users/tomdeeds/Documents/LPCXpresso_8.2.2/workspace/lpc_chip_175x_6x/Debug/liblpc_chip_175x_6x.a(uart_17xx_40xx.o)
 .text.Chip_UART_EnableDivisorAccess
                0x0000000000002124       0x20 /Users/tomdeeds/Documents/LPCXpresso_8.2.2/workspace/lpc_chip_175x_6x/Debug/liblpc_chip_175x_6x.a(uart_17xx_40xx.o)
 .text.Chip_UART_DisableDivisorAccess
                0x0000000000002144       0x20 /Users/tomdeeds/Documents/LPCXpresso_8.2.2/workspace/lpc_chip_175x_6x/Debug/liblpc_chip_175x_6x.a(uart_17xx_40xx.o)
 .text.Chip_UART_SetDivisorLatches
                0x0000000000002164       0x28 /Users/tomdeeds/Documents/LPCXpresso_8.2.2/workspace/lpc_chip_175x_6x/Debug/liblpc_chip_175x_6x.a(uart_17xx_40xx.o)
 .text.Chip_UART_GetClockIndex
                0x000000000000218c       0x50 /Users/tomdeeds/Documents/LPCXpresso_8.2.2/workspace/lpc_chip_175x_6x/Debug/liblpc_chip_175x_6x.a(uart_17xx_40xx.o)
 .text.Chip_UART_GetClkIndex
                0x00000000000021dc       0x50 /Users/tomdeeds/Documents/LPCXpresso_8.2.2/workspace/lpc_chip_175x_6x/Debug/liblpc_chip_175x_6x.a(uart_17xx_40xx.o)
 .text.Chip_UART_Init
                0x000000000000222c       0x78 /Users/tomdeeds/Documents/LPCXpresso_8.2.2/workspace/lpc_chip_175x_6x/Debug/liblpc_chip_175x_6x.a(uart_17xx_40xx.o)
                0x000000000000222c                Chip_UART_Init
 .text.Chip_UART_TXEnable
                0x00000000000022a4       0x18 /Users/tomdeeds/Documents/LPCXpresso_8.2.2/workspace/lpc_chip_175x_6x/Debug/liblpc_chip_175x_6x.a(uart_17xx_40xx.o)
                0x00000000000022a4                Chip_UART_TXEnable
 .text.Chip_UART_TXDisable
                0x00000000000022bc       0x18 /Users/tomdeeds/Documents/LPCXpresso_8.2.2/workspace/lpc_chip_175x_6x/Debug/liblpc_chip_175x_6x.a(uart_17xx_40xx.o)
                0x00000000000022bc                Chip_UART_TXDisable
 .text.Chip_UART_SetBaud
                0x00000000000022d4       0x64 /Users/tomdeeds/Documents/LPCXpresso_8.2.2/workspace/lpc_chip_175x_6x/Debug/liblpc_chip_175x_6x.a(uart_17xx_40xx.o)
                0x00000000000022d4                Chip_UART_SetBaud
 .text.memcpy   0x0000000000002338        0x4 /Applications/lpcxpresso_8.2.2_650/lpcxpresso/tools/bin/../lib/gcc/arm-none-eabi/5.4.1/../../../../arm-none-eabi/lib/armv7-m/libcr_c.a(memcpy.o)
                0x0000000000002338                memcpy
 .text.__weak_main
                0x000000000000233c        0x4 /Applications/lpcxpresso_8.2.2_650/lpcxpresso/tools/bin/../lib/gcc/arm-none-eabi/5.4.1/../../../../arm-none-eabi/lib/armv7-m/libcr_c.a(__weak__main.o)
                0x000000000000233c                __main
                0x000000000000233c                __weak_main
 .text.__aeabi_memcpy
                0x0000000000002340       0x34 /Applications/lpcxpresso_8.2.2_650/lpcxpresso/tools/bin/../lib/gcc/arm-none-eabi/5.4.1/armv7-m/libcr_eabihelpers.a(memcpy.o)
                0x0000000000002340                __aeabi_memcpy
                0x000000000000234a                __aeabi_memcpy4
                0x000000000000234a                __aeabi_memcpy8
 *(.rodata .rodata.* .constdata .constdata.*)
 .rodata.OscRateIn
                0x0000000000002374        0x4 /Users/tomdeeds/Documents/LPCXpresso_8.2.2/workspace/lpc_board_nxp_lpcxpresso_1769/Debug/liblpc_board_nxp_lpcxpresso_1769.a(board.o)
                0x0000000000002374                OscRateIn
 .rodata.RTCOscRateIn
                0x0000000000002378        0x4 /Users/tomdeeds/Documents/LPCXpresso_8.2.2/workspace/lpc_board_nxp_lpcxpresso_1769/Debug/liblpc_board_nxp_lpcxpresso_1769.a(board.o)
                0x0000000000002378                RTCOscRateIn
 .rodata.pinmuxing
                0x000000000000237c       0x5c /Users/tomdeeds/Documents/LPCXpresso_8.2.2/workspace/lpc_board_nxp_lpcxpresso_1769/Debug/liblpc_board_nxp_lpcxpresso_1769.a(board_sysinit.o)
 .rodata.I2C_PeriphClk
                0x00000000000023d8        0x3 /Users/tomdeeds/Documents/LPCXpresso_8.2.2/workspace/lpc_chip_175x_6x/Debug/liblpc_chip_175x_6x.a(i2c_17xx_40xx.o)
                0x00000000000023dc                . = ALIGN (0x4)
 *fill*         0x00000000000023db        0x1 ff

.glue_7         0x00000000000023dc        0x0
 .glue_7        0x00000000000023dc        0x0 linker stubs

.glue_7t        0x00000000000023dc        0x0
 .glue_7t       0x00000000000023dc        0x0 linker stubs

.vfp11_veneer   0x00000000000023dc        0x0
 .vfp11_veneer  0x00000000000023dc        0x0 linker stubs

.v4_bx          0x00000000000023dc        0x0
 .v4_bx         0x00000000000023dc        0x0 linker stubs

.iplt           0x00000000000023dc        0x0
 .iplt          0x00000000000023dc        0x0 ./src/cr_startup_lpc175x_6x.o

.rel.dyn        0x00000000000023dc        0x0
 .rel.iplt      0x00000000000023dc        0x0 ./src/cr_startup_lpc175x_6x.o

.ARM.extab
 *(.ARM.extab* .gnu.linkonce.armextab.*)
                0x00000000000023dc                __exidx_start = .

.ARM.exidx
 *(.ARM.exidx* .gnu.linkonce.armexidx.*)
                0x00000000000023dc                __exidx_end = .
                0x00000000000023dc                _etext = .

.data_RAM2      0x000000002007c000        0x0 load address 0x00000000000023dc
 FILL mask 0xff
                [!provide]                        PROVIDE (__start_data_RAM2, .)
 *(.ramfunc.$RAM2)
 *(.ramfunc.$RamAHB32)
 *(.data.$RAM2*)
 *(.data.$RamAHB32*)
                0x000000002007c000                . = ALIGN (0x4)
                [!provide]                        PROVIDE (__end_data_RAM2, .)

.uninit_RESERVED
                0x0000000010000000        0x0
 *(.bss.$RESERVED*)
                0x0000000010000000                . = ALIGN (0x4)
                0x0000000010000000                _end_uninit_RESERVED = .

.data           0x0000000010000000       0x58 load address 0x00000000000023dc
 FILL mask 0xff
                0x0000000010000000                _data = .
 *(vtable)
 *(.ramfunc*)
 *(.data*)
 .data.pTMR     0x0000000010000000        0x4 ./src/virtual_cane.o
 .data.i2c      0x0000000010000004       0x54 /Users/tomdeeds/Documents/LPCXpresso_8.2.2/workspace/lpc_chip_175x_6x/Debug/liblpc_chip_175x_6x.a(i2c_17xx_40xx.o)
                0x0000000010000058                . = ALIGN (0x4)
                0x0000000010000058                _edata = .

.igot.plt       0x0000000010000058        0x0 load address 0x0000000000002434
 .igot.plt      0x0000000010000058        0x0 ./src/cr_startup_lpc175x_6x.o

.bss_RAM2       0x000000002007c000        0x0
                [!provide]                        PROVIDE (__start_bss_RAM2, .)
 *(.bss.$RAM2*)
 *(.bss.$RamAHB32*)
                0x000000002007c000                . = ALIGN ((. != 0x0)?0x4:0x1)
                [!provide]                        PROVIDE (__end_bss_RAM2, .)

.bss            0x0000000010000058       0x84
                0x0000000010000058                _bss = .
 *(.bss*)
 .bss.mode_poll
                0x0000000010000058        0x4 ./src/virtual_cane.o
 .bss.i.7800    0x000000001000005c        0x4 ./src/virtual_cane.o
 .bss.i2c_slave
                0x0000000010000060       0x78 /Users/tomdeeds/Documents/LPCXpresso_8.2.2/workspace/lpc_chip_175x_6x/Debug/liblpc_chip_175x_6x.a(i2c_17xx_40xx.o)
 *(COMMON)
 COMMON         0x00000000100000d8        0x4 /Users/tomdeeds/Documents/LPCXpresso_8.2.2/workspace/lpc_chip_175x_6x/Debug/liblpc_chip_175x_6x.a(chip_17xx_40xx.o)
                0x00000000100000d8                SystemCoreClock
                0x00000000100000dc                . = ALIGN (0x4)
                0x00000000100000dc                _ebss = .
                [!provide]                        PROVIDE (end, .)

.noinit_RAM2    0x000000002007c000        0x0
 *(.noinit.$RAM2*)
 *(.noinit.$RamAHB32*)
                0x000000002007c000                . = ALIGN (0x4)

.noinit         0x00000000100000dc        0x0
                0x00000000100000dc                _noinit = .
 *(.noinit*)
                0x00000000100000dc                . = ALIGN (0x4)
                0x00000000100000dc                _end_noinit = .
                [!provide]                        PROVIDE (_pvHeapStart, DEFINED (__user_heap_base)?__user_heap_base:.)
                0x0000000010008000                PROVIDE (_vStackTop, DEFINED (__user_stack_top)?__user_stack_top:(__top_RamLoc32 - 0x0))
                0xffffffffefff74b2                PROVIDE (__valid_user_code_checksum, (0x0 - ((((((_vStackTop + (ResetISR + 0x1)) + (NMI_Handler + 0x1)) + (HardFault_Handler + 0x1)) + (DEFINED (MemManage_Handler)?MemManage_Handler:0x0 + 0x1)) + (DEFINED (BusFault_Handler)?BusFault_Handler:0x0 + 0x1)) + (DEFINED (UsageFault_Handler)?UsageFault_Handler:0x0 + 0x1))))
OUTPUT(virtual_cane.axf elf32-littlearm)

.debug_info     0x0000000000000000     0x639c
 .debug_info    0x0000000000000000      0x253 ./src/cr_startup_lpc175x_6x.o
 .debug_info    0x0000000000000253       0x3f ./src/crp.o
 .debug_info    0x0000000000000292      0x110 ./src/sysinit.o
 .debug_info    0x00000000000003a2      0xd35 ./src/virtual_cane.o
 .debug_info    0x00000000000010d7     0x13d3 /Users/tomdeeds/Documents/LPCXpresso_8.2.2/workspace/lpc_board_nxp_lpcxpresso_1769/Debug/liblpc_board_nxp_lpcxpresso_1769.a(board.o)
 .debug_info    0x00000000000024aa      0x591 /Users/tomdeeds/Documents/LPCXpresso_8.2.2/workspace/lpc_board_nxp_lpcxpresso_1769/Debug/liblpc_board_nxp_lpcxpresso_1769.a(board_sysinit.o)
 .debug_info    0x0000000000002a3b      0x51e /Users/tomdeeds/Documents/LPCXpresso_8.2.2/workspace/lpc_chip_175x_6x/Debug/liblpc_chip_175x_6x.a(chip_17xx_40xx.o)
 .debug_info    0x0000000000002f59      0xb62 /Users/tomdeeds/Documents/LPCXpresso_8.2.2/workspace/lpc_chip_175x_6x/Debug/liblpc_chip_175x_6x.a(clock_17xx_40xx.o)
 .debug_info    0x0000000000003abb      0xe70 /Users/tomdeeds/Documents/LPCXpresso_8.2.2/workspace/lpc_chip_175x_6x/Debug/liblpc_chip_175x_6x.a(i2c_17xx_40xx.o)
 .debug_info    0x000000000000492b      0x2e9 /Users/tomdeeds/Documents/LPCXpresso_8.2.2/workspace/lpc_chip_175x_6x/Debug/liblpc_chip_175x_6x.a(iocon_17xx_40xx.o)
 .debug_info    0x0000000000004c14      0x475 /Users/tomdeeds/Documents/LPCXpresso_8.2.2/workspace/lpc_chip_175x_6x/Debug/liblpc_chip_175x_6x.a(pwm_17xx_40xx.o)
 .debug_info    0x0000000000005089      0x439 /Users/tomdeeds/Documents/LPCXpresso_8.2.2/workspace/lpc_chip_175x_6x/Debug/liblpc_chip_175x_6x.a(sysinit_17xx_40xx.o)
 .debug_info    0x00000000000054c2      0xeda /Users/tomdeeds/Documents/LPCXpresso_8.2.2/workspace/lpc_chip_175x_6x/Debug/liblpc_chip_175x_6x.a(uart_17xx_40xx.o)

.debug_abbrev   0x0000000000000000     0x171f
 .debug_abbrev  0x0000000000000000       0xf5 ./src/cr_startup_lpc175x_6x.o
 .debug_abbrev  0x00000000000000f5       0x36 ./src/crp.o
 .debug_abbrev  0x000000000000012b       0xa3 ./src/sysinit.o
 .debug_abbrev  0x00000000000001ce      0x2c2 ./src/virtual_cane.o
 .debug_abbrev  0x0000000000000490      0x379 /Users/tomdeeds/Documents/LPCXpresso_8.2.2/workspace/lpc_board_nxp_lpcxpresso_1769/Debug/liblpc_board_nxp_lpcxpresso_1769.a(board.o)
 .debug_abbrev  0x0000000000000809      0x15c /Users/tomdeeds/Documents/LPCXpresso_8.2.2/workspace/lpc_board_nxp_lpcxpresso_1769/Debug/liblpc_board_nxp_lpcxpresso_1769.a(board_sysinit.o)
 .debug_abbrev  0x0000000000000965      0x13c /Users/tomdeeds/Documents/LPCXpresso_8.2.2/workspace/lpc_chip_175x_6x/Debug/liblpc_chip_175x_6x.a(chip_17xx_40xx.o)
 .debug_abbrev  0x0000000000000aa1      0x2ec /Users/tomdeeds/Documents/LPCXpresso_8.2.2/workspace/lpc_chip_175x_6x/Debug/liblpc_chip_175x_6x.a(clock_17xx_40xx.o)
 .debug_abbrev  0x0000000000000d8d      0x2ae /Users/tomdeeds/Documents/LPCXpresso_8.2.2/workspace/lpc_chip_175x_6x/Debug/liblpc_chip_175x_6x.a(i2c_17xx_40xx.o)
 .debug_abbrev  0x000000000000103b      0x126 /Users/tomdeeds/Documents/LPCXpresso_8.2.2/workspace/lpc_chip_175x_6x/Debug/liblpc_chip_175x_6x.a(iocon_17xx_40xx.o)
 .debug_abbrev  0x0000000000001161      0x161 /Users/tomdeeds/Documents/LPCXpresso_8.2.2/workspace/lpc_chip_175x_6x/Debug/liblpc_chip_175x_6x.a(pwm_17xx_40xx.o)
 .debug_abbrev  0x00000000000012c2      0x175 /Users/tomdeeds/Documents/LPCXpresso_8.2.2/workspace/lpc_chip_175x_6x/Debug/liblpc_chip_175x_6x.a(sysinit_17xx_40xx.o)
 .debug_abbrev  0x0000000000001437      0x2e8 /Users/tomdeeds/Documents/LPCXpresso_8.2.2/workspace/lpc_chip_175x_6x/Debug/liblpc_chip_175x_6x.a(uart_17xx_40xx.o)

.debug_aranges  0x0000000000000000      0x7b8
 .debug_aranges
                0x0000000000000000       0x80 ./src/cr_startup_lpc175x_6x.o
 .debug_aranges
                0x0000000000000080       0x18 ./src/crp.o
 .debug_aranges
                0x0000000000000098       0x20 ./src/sysinit.o
 .debug_aranges
                0x00000000000000b8       0xf8 ./src/virtual_cane.o
 .debug_aranges
                0x00000000000001b0      0x160 /Users/tomdeeds/Documents/LPCXpresso_8.2.2/workspace/lpc_board_nxp_lpcxpresso_1769/Debug/liblpc_board_nxp_lpcxpresso_1769.a(board.o)
 .debug_aranges
                0x0000000000000310       0x38 /Users/tomdeeds/Documents/LPCXpresso_8.2.2/workspace/lpc_board_nxp_lpcxpresso_1769/Debug/liblpc_board_nxp_lpcxpresso_1769.a(board_sysinit.o)
 .debug_aranges
                0x0000000000000348       0x38 /Users/tomdeeds/Documents/LPCXpresso_8.2.2/workspace/lpc_chip_175x_6x/Debug/liblpc_chip_175x_6x.a(chip_17xx_40xx.o)
 .debug_aranges
                0x0000000000000380      0x120 /Users/tomdeeds/Documents/LPCXpresso_8.2.2/workspace/lpc_chip_175x_6x/Debug/liblpc_chip_175x_6x.a(clock_17xx_40xx.o)
 .debug_aranges
                0x00000000000004a0      0x118 /Users/tomdeeds/Documents/LPCXpresso_8.2.2/workspace/lpc_chip_175x_6x/Debug/liblpc_chip_175x_6x.a(i2c_17xx_40xx.o)
 .debug_aranges
                0x00000000000005b8       0x30 /Users/tomdeeds/Documents/LPCXpresso_8.2.2/workspace/lpc_chip_175x_6x/Debug/liblpc_chip_175x_6x.a(iocon_17xx_40xx.o)
 .debug_aranges
                0x00000000000005e8       0x48 /Users/tomdeeds/Documents/LPCXpresso_8.2.2/workspace/lpc_chip_175x_6x/Debug/liblpc_chip_175x_6x.a(pwm_17xx_40xx.o)
 .debug_aranges
                0x0000000000000630       0x60 /Users/tomdeeds/Documents/LPCXpresso_8.2.2/workspace/lpc_chip_175x_6x/Debug/liblpc_chip_175x_6x.a(sysinit_17xx_40xx.o)
 .debug_aranges
                0x0000000000000690      0x128 /Users/tomdeeds/Documents/LPCXpresso_8.2.2/workspace/lpc_chip_175x_6x/Debug/liblpc_chip_175x_6x.a(uart_17xx_40xx.o)

.debug_ranges   0x0000000000000000      0x6e0
 .debug_ranges  0x0000000000000000       0x70 ./src/cr_startup_lpc175x_6x.o
 .debug_ranges  0x0000000000000070       0x10 ./src/sysinit.o
 .debug_ranges  0x0000000000000080       0xe8 ./src/virtual_cane.o
 .debug_ranges  0x0000000000000168      0x150 /Users/tomdeeds/Documents/LPCXpresso_8.2.2/workspace/lpc_board_nxp_lpcxpresso_1769/Debug/liblpc_board_nxp_lpcxpresso_1769.a(board.o)
 .debug_ranges  0x00000000000002b8       0x28 /Users/tomdeeds/Documents/LPCXpresso_8.2.2/workspace/lpc_board_nxp_lpcxpresso_1769/Debug/liblpc_board_nxp_lpcxpresso_1769.a(board_sysinit.o)
 .debug_ranges  0x00000000000002e0       0x28 /Users/tomdeeds/Documents/LPCXpresso_8.2.2/workspace/lpc_chip_175x_6x/Debug/liblpc_chip_175x_6x.a(chip_17xx_40xx.o)
 .debug_ranges  0x0000000000000308      0x110 /Users/tomdeeds/Documents/LPCXpresso_8.2.2/workspace/lpc_chip_175x_6x/Debug/liblpc_chip_175x_6x.a(clock_17xx_40xx.o)
 .debug_ranges  0x0000000000000418      0x108 /Users/tomdeeds/Documents/LPCXpresso_8.2.2/workspace/lpc_chip_175x_6x/Debug/liblpc_chip_175x_6x.a(i2c_17xx_40xx.o)
 .debug_ranges  0x0000000000000520       0x20 /Users/tomdeeds/Documents/LPCXpresso_8.2.2/workspace/lpc_chip_175x_6x/Debug/liblpc_chip_175x_6x.a(iocon_17xx_40xx.o)
 .debug_ranges  0x0000000000000540       0x38 /Users/tomdeeds/Documents/LPCXpresso_8.2.2/workspace/lpc_chip_175x_6x/Debug/liblpc_chip_175x_6x.a(pwm_17xx_40xx.o)
 .debug_ranges  0x0000000000000578       0x50 /Users/tomdeeds/Documents/LPCXpresso_8.2.2/workspace/lpc_chip_175x_6x/Debug/liblpc_chip_175x_6x.a(sysinit_17xx_40xx.o)
 .debug_ranges  0x00000000000005c8      0x118 /Users/tomdeeds/Documents/LPCXpresso_8.2.2/workspace/lpc_chip_175x_6x/Debug/liblpc_chip_175x_6x.a(uart_17xx_40xx.o)

.debug_macro    0x0000000000000000     0x5ad9
 .debug_macro   0x0000000000000000       0x1d ./src/cr_startup_lpc175x_6x.o
 .debug_macro   0x000000000000001d      0x88c ./src/cr_startup_lpc175x_6x.o
 .debug_macro   0x00000000000008a9       0x1a ./src/crp.o
 .debug_macro   0x00000000000008c3       0x34 ./src/crp.o
 .debug_macro   0x00000000000008f7      0x230 ./src/sysinit.o
 .debug_macro   0x0000000000000b27       0x10 ./src/sysinit.o
 .debug_macro   0x0000000000000b37      0x12d ./src/sysinit.o
 .debug_macro   0x0000000000000c64      0x5b2 ./src/sysinit.o
 .debug_macro   0x0000000000001216       0x22 ./src/sysinit.o
 .debug_macro   0x0000000000001238       0x7b ./src/sysinit.o
 .debug_macro   0x00000000000012b3       0x10 ./src/sysinit.o
 .debug_macro   0x00000000000012c3       0x2d ./src/sysinit.o
 .debug_macro   0x00000000000012f0       0x3a ./src/sysinit.o
 .debug_macro   0x000000000000132a       0x2d ./src/sysinit.o
 .debug_macro   0x0000000000001357      0xbb1 ./src/sysinit.o
 .debug_macro   0x0000000000001f08       0x58 ./src/sysinit.o
 .debug_macro   0x0000000000001f60      0x22e ./src/sysinit.o
 .debug_macro   0x000000000000218e       0x42 ./src/sysinit.o
 .debug_macro   0x00000000000021d0       0x52 ./src/sysinit.o
 .debug_macro   0x0000000000002222       0x78 ./src/sysinit.o
 .debug_macro   0x000000000000229a       0x82 ./src/sysinit.o
 .debug_macro   0x000000000000231c      0x48c ./src/sysinit.o
 .debug_macro   0x00000000000027a8       0x34 ./src/sysinit.o
 .debug_macro   0x00000000000027dc      0x4c5 ./src/sysinit.o
 .debug_macro   0x0000000000002ca1      0x1b7 ./src/sysinit.o
 .debug_macro   0x0000000000002e58       0x10 ./src/sysinit.o
 .debug_macro   0x0000000000002e68      0x21b ./src/sysinit.o
 .debug_macro   0x0000000000003083      0x1b9 ./src/sysinit.o
 .debug_macro   0x000000000000323c       0x40 ./src/sysinit.o
 .debug_macro   0x000000000000327c       0x22 ./src/sysinit.o
 .debug_macro   0x000000000000329e      0x162 ./src/sysinit.o
 .debug_macro   0x0000000000003400       0x94 ./src/sysinit.o
 .debug_macro   0x0000000000003494       0xb8 ./src/sysinit.o
 .debug_macro   0x000000000000354c       0x4c ./src/sysinit.o
 .debug_macro   0x0000000000003598       0x16 ./src/sysinit.o
 .debug_macro   0x00000000000035ae      0x328 ./src/sysinit.o
 .debug_macro   0x00000000000038d6       0x49 ./src/sysinit.o
 .debug_macro   0x000000000000391f       0x16 ./src/sysinit.o
 .debug_macro   0x0000000000003935       0xca ./src/sysinit.o
 .debug_macro   0x00000000000039ff       0x18 ./src/sysinit.o
 .debug_macro   0x0000000000003a17       0x70 ./src/sysinit.o
 .debug_macro   0x0000000000003a87       0x9a ./src/sysinit.o
 .debug_macro   0x0000000000003b21       0x20 ./src/sysinit.o
 .debug_macro   0x0000000000003b41       0x28 ./src/sysinit.o
 .debug_macro   0x0000000000003b69      0x294 ./src/virtual_cane.o
 .debug_macro   0x0000000000003dfd       0x22 ./src/virtual_cane.o
 .debug_macro   0x0000000000003e1f       0x10 ./src/virtual_cane.o
 .debug_macro   0x0000000000003e2f       0x8e ./src/virtual_cane.o
 .debug_macro   0x0000000000003ebd       0x6a ./src/virtual_cane.o
 .debug_macro   0x0000000000003f27       0x82 ./src/virtual_cane.o
 .debug_macro   0x0000000000003fa9       0x6a ./src/virtual_cane.o
 .debug_macro   0x0000000000004013      0x2a2 /Users/tomdeeds/Documents/LPCXpresso_8.2.2/workspace/lpc_board_nxp_lpcxpresso_1769/Debug/liblpc_board_nxp_lpcxpresso_1769.a(board.o)
 .debug_macro   0x00000000000042b5      0x886 /Users/tomdeeds/Documents/LPCXpresso_8.2.2/workspace/lpc_board_nxp_lpcxpresso_1769/Debug/liblpc_board_nxp_lpcxpresso_1769.a(board.o)
 .debug_macro   0x0000000000004b3b       0x12 /Users/tomdeeds/Documents/LPCXpresso_8.2.2/workspace/lpc_board_nxp_lpcxpresso_1769/Debug/liblpc_board_nxp_lpcxpresso_1769.a(board.o)
 .debug_macro   0x0000000000004b4d      0x230 /Users/tomdeeds/Documents/LPCXpresso_8.2.2/workspace/lpc_board_nxp_lpcxpresso_1769/Debug/liblpc_board_nxp_lpcxpresso_1769.a(board_sysinit.o)
 .debug_macro   0x0000000000004d7d      0x1e6 /Users/tomdeeds/Documents/LPCXpresso_8.2.2/workspace/lpc_chip_175x_6x/Debug/liblpc_chip_175x_6x.a(chip_17xx_40xx.o)
 .debug_macro   0x0000000000004f63      0x1e6 /Users/tomdeeds/Documents/LPCXpresso_8.2.2/workspace/lpc_chip_175x_6x/Debug/liblpc_chip_175x_6x.a(clock_17xx_40xx.o)
 .debug_macro   0x0000000000005149      0x1f8 /Users/tomdeeds/Documents/LPCXpresso_8.2.2/workspace/lpc_chip_175x_6x/Debug/liblpc_chip_175x_6x.a(i2c_17xx_40xx.o)
 .debug_macro   0x0000000000005341      0x1e6 /Users/tomdeeds/Documents/LPCXpresso_8.2.2/workspace/lpc_chip_175x_6x/Debug/liblpc_chip_175x_6x.a(iocon_17xx_40xx.o)
 .debug_macro   0x0000000000005527      0x1e6 /Users/tomdeeds/Documents/LPCXpresso_8.2.2/workspace/lpc_chip_175x_6x/Debug/liblpc_chip_175x_6x.a(pwm_17xx_40xx.o)
 .debug_macro   0x000000000000570d      0x1e6 /Users/tomdeeds/Documents/LPCXpresso_8.2.2/workspace/lpc_chip_175x_6x/Debug/liblpc_chip_175x_6x.a(sysinit_17xx_40xx.o)
 .debug_macro   0x00000000000058f3      0x1e6 /Users/tomdeeds/Documents/LPCXpresso_8.2.2/workspace/lpc_chip_175x_6x/Debug/liblpc_chip_175x_6x.a(uart_17xx_40xx.o)

.debug_line     0x0000000000000000     0x4409
 .debug_line    0x0000000000000000       0xd5 ./src/cr_startup_lpc175x_6x.o
 .debug_line    0x00000000000000d5       0x7f ./src/crp.o
 .debug_line    0x0000000000000154      0x4b0 ./src/sysinit.o
 .debug_line    0x0000000000000604      0x879 ./src/virtual_cane.o
 .debug_line    0x0000000000000e7d      0x86b /Users/tomdeeds/Documents/LPCXpresso_8.2.2/workspace/lpc_board_nxp_lpcxpresso_1769/Debug/liblpc_board_nxp_lpcxpresso_1769.a(board.o)
 .debug_line    0x00000000000016e8      0x4f0 /Users/tomdeeds/Documents/LPCXpresso_8.2.2/workspace/lpc_board_nxp_lpcxpresso_1769/Debug/liblpc_board_nxp_lpcxpresso_1769.a(board_sysinit.o)
 .debug_line    0x0000000000001bd8      0x477 /Users/tomdeeds/Documents/LPCXpresso_8.2.2/workspace/lpc_chip_175x_6x/Debug/liblpc_chip_175x_6x.a(chip_17xx_40xx.o)
 .debug_line    0x000000000000204f      0x6f3 /Users/tomdeeds/Documents/LPCXpresso_8.2.2/workspace/lpc_chip_175x_6x/Debug/liblpc_chip_175x_6x.a(clock_17xx_40xx.o)
 .debug_line    0x0000000000002742      0x749 /Users/tomdeeds/Documents/LPCXpresso_8.2.2/workspace/lpc_chip_175x_6x/Debug/liblpc_chip_175x_6x.a(i2c_17xx_40xx.o)
 .debug_line    0x0000000000002e8b      0x463 /Users/tomdeeds/Documents/LPCXpresso_8.2.2/workspace/lpc_chip_175x_6x/Debug/liblpc_chip_175x_6x.a(iocon_17xx_40xx.o)
 .debug_line    0x00000000000032ee      0x48f /Users/tomdeeds/Documents/LPCXpresso_8.2.2/workspace/lpc_chip_175x_6x/Debug/liblpc_chip_175x_6x.a(pwm_17xx_40xx.o)
 .debug_line    0x000000000000377d      0x4ed /Users/tomdeeds/Documents/LPCXpresso_8.2.2/workspace/lpc_chip_175x_6x/Debug/liblpc_chip_175x_6x.a(sysinit_17xx_40xx.o)
 .debug_line    0x0000000000003c6a      0x79f /Users/tomdeeds/Documents/LPCXpresso_8.2.2/workspace/lpc_chip_175x_6x/Debug/liblpc_chip_175x_6x.a(uart_17xx_40xx.o)

.debug_str      0x0000000000000000    0x14384
 .debug_str     0x0000000000000000     0x269b ./src/cr_startup_lpc175x_6x.o
                                       0x26ae (size before relaxing)
 .debug_str     0x000000000000269b       0xe9 ./src/crp.o
                                       0x25c6 (size before relaxing)
 .debug_str     0x0000000000002784     0xe6c7 ./src/sysinit.o
                                      0x10ca8 (size before relaxing)
 .debug_str     0x0000000000010e4b     0x10ec ./src/virtual_cane.o
                                      0x11dde (size before relaxing)
 .debug_str     0x0000000000011f37      0xd63 /Users/tomdeeds/Documents/LPCXpresso_8.2.2/workspace/lpc_board_nxp_lpcxpresso_1769/Debug/liblpc_board_nxp_lpcxpresso_1769.a(board.o)
                                      0x11b6d (size before relaxing)
 .debug_str     0x0000000000012c9a      0x22d /Users/tomdeeds/Documents/LPCXpresso_8.2.2/workspace/lpc_board_nxp_lpcxpresso_1769/Debug/liblpc_board_nxp_lpcxpresso_1769.a(board_sysinit.o)
                                      0x110a7 (size before relaxing)
 .debug_str     0x0000000000012ec7       0xbf /Users/tomdeeds/Documents/LPCXpresso_8.2.2/workspace/lpc_chip_175x_6x/Debug/liblpc_chip_175x_6x.a(chip_17xx_40xx.o)
                                      0x10d9e (size before relaxing)
 .debug_str     0x0000000000012f86      0x857 /Users/tomdeeds/Documents/LPCXpresso_8.2.2/workspace/lpc_chip_175x_6x/Debug/liblpc_chip_175x_6x.a(clock_17xx_40xx.o)
                                      0x1140c (size before relaxing)
 .debug_str     0x00000000000137dd      0x585 /Users/tomdeeds/Documents/LPCXpresso_8.2.2/workspace/lpc_chip_175x_6x/Debug/liblpc_chip_175x_6x.a(i2c_17xx_40xx.o)
                                      0x1141c (size before relaxing)
 .debug_str     0x0000000000013d62       0x74 /Users/tomdeeds/Documents/LPCXpresso_8.2.2/workspace/lpc_chip_175x_6x/Debug/liblpc_chip_175x_6x.a(iocon_17xx_40xx.o)
                                      0x10889 (size before relaxing)
 .debug_str     0x0000000000013dd6      0x12a /Users/tomdeeds/Documents/LPCXpresso_8.2.2/workspace/lpc_chip_175x_6x/Debug/liblpc_chip_175x_6x.a(pwm_17xx_40xx.o)
                                      0x10ba8 (size before relaxing)
 .debug_str     0x0000000000013f00       0xc4 /Users/tomdeeds/Documents/LPCXpresso_8.2.2/workspace/lpc_chip_175x_6x/Debug/liblpc_chip_175x_6x.a(sysinit_17xx_40xx.o)
                                      0x10a71 (size before relaxing)
 .debug_str     0x0000000000013fc4      0x3c0 /Users/tomdeeds/Documents/LPCXpresso_8.2.2/workspace/lpc_chip_175x_6x/Debug/liblpc_chip_175x_6x.a(uart_17xx_40xx.o)
                                      0x112e1 (size before relaxing)

.comment        0x0000000000000000       0xdc
 .comment       0x0000000000000000       0x6e ./src/cr_startup_lpc175x_6x.o
                                         0x6f (size before relaxing)
 .comment       0x000000000000006e       0x6f ./src/crp.o
 .comment       0x000000000000006e       0x6f ./src/sysinit.o
 .comment       0x000000000000006e       0x6f ./src/virtual_cane.o
 .comment       0x000000000000006e       0x6f /Users/tomdeeds/Documents/LPCXpresso_8.2.2/workspace/lpc_board_nxp_lpcxpresso_1769/Debug/liblpc_board_nxp_lpcxpresso_1769.a(board.o)
 .comment       0x000000000000006e       0x6f /Users/tomdeeds/Documents/LPCXpresso_8.2.2/workspace/lpc_board_nxp_lpcxpresso_1769/Debug/liblpc_board_nxp_lpcxpresso_1769.a(board_sysinit.o)
 .comment       0x000000000000006e       0x6f /Users/tomdeeds/Documents/LPCXpresso_8.2.2/workspace/lpc_chip_175x_6x/Debug/liblpc_chip_175x_6x.a(chip_17xx_40xx.o)
 .comment       0x000000000000006e       0x6f /Users/tomdeeds/Documents/LPCXpresso_8.2.2/workspace/lpc_chip_175x_6x/Debug/liblpc_chip_175x_6x.a(clock_17xx_40xx.o)
 .comment       0x000000000000006e       0x6f /Users/tomdeeds/Documents/LPCXpresso_8.2.2/workspace/lpc_chip_175x_6x/Debug/liblpc_chip_175x_6x.a(i2c_17xx_40xx.o)
 .comment       0x000000000000006e       0x6f /Users/tomdeeds/Documents/LPCXpresso_8.2.2/workspace/lpc_chip_175x_6x/Debug/liblpc_chip_175x_6x.a(iocon_17xx_40xx.o)
 .comment       0x000000000000006e       0x6f /Users/tomdeeds/Documents/LPCXpresso_8.2.2/workspace/lpc_chip_175x_6x/Debug/liblpc_chip_175x_6x.a(pwm_17xx_40xx.o)
 .comment       0x000000000000006e       0x6f /Users/tomdeeds/Documents/LPCXpresso_8.2.2/workspace/lpc_chip_175x_6x/Debug/liblpc_chip_175x_6x.a(sysinit_17xx_40xx.o)
 .comment       0x000000000000006e       0x6f /Users/tomdeeds/Documents/LPCXpresso_8.2.2/workspace/lpc_chip_175x_6x/Debug/liblpc_chip_175x_6x.a(uart_17xx_40xx.o)
 .comment       0x000000000000006e       0x6e /Applications/lpcxpresso_8.2.2_650/lpcxpresso/tools/bin/../lib/gcc/arm-none-eabi/5.4.1/../../../../arm-none-eabi/lib/armv7-m/libcr_c.a(memcpy.o)
                                         0x6f (size before relaxing)
 .comment       0x00000000000000dc       0x6f /Applications/lpcxpresso_8.2.2_650/lpcxpresso/tools/bin/../lib/gcc/arm-none-eabi/5.4.1/../../../../arm-none-eabi/lib/armv7-m/libcr_c.a(__weak__main.o)

.ARM.attributes
                0x0000000000000000       0x31
 .ARM.attributes
                0x0000000000000000       0x33 ./src/cr_startup_lpc175x_6x.o
 .ARM.attributes
                0x0000000000000033       0x33 ./src/crp.o
 .ARM.attributes
                0x0000000000000066       0x33 ./src/sysinit.o
 .ARM.attributes
                0x0000000000000099       0x33 ./src/virtual_cane.o
 .ARM.attributes
                0x00000000000000cc       0x33 /Users/tomdeeds/Documents/LPCXpresso_8.2.2/workspace/lpc_board_nxp_lpcxpresso_1769/Debug/liblpc_board_nxp_lpcxpresso_1769.a(board.o)
 .ARM.attributes
                0x00000000000000ff       0x33 /Users/tomdeeds/Documents/LPCXpresso_8.2.2/workspace/lpc_board_nxp_lpcxpresso_1769/Debug/liblpc_board_nxp_lpcxpresso_1769.a(board_sysinit.o)
 .ARM.attributes
                0x0000000000000132       0x33 /Users/tomdeeds/Documents/LPCXpresso_8.2.2/workspace/lpc_chip_175x_6x/Debug/liblpc_chip_175x_6x.a(chip_17xx_40xx.o)
 .ARM.attributes
                0x0000000000000165       0x33 /Users/tomdeeds/Documents/LPCXpresso_8.2.2/workspace/lpc_chip_175x_6x/Debug/liblpc_chip_175x_6x.a(clock_17xx_40xx.o)
 .ARM.attributes
                0x0000000000000198       0x33 /Users/tomdeeds/Documents/LPCXpresso_8.2.2/workspace/lpc_chip_175x_6x/Debug/liblpc_chip_175x_6x.a(i2c_17xx_40xx.o)
 .ARM.attributes
                0x00000000000001cb       0x33 /Users/tomdeeds/Documents/LPCXpresso_8.2.2/workspace/lpc_chip_175x_6x/Debug/liblpc_chip_175x_6x.a(iocon_17xx_40xx.o)
 .ARM.attributes
                0x00000000000001fe       0x33 /Users/tomdeeds/Documents/LPCXpresso_8.2.2/workspace/lpc_chip_175x_6x/Debug/liblpc_chip_175x_6x.a(pwm_17xx_40xx.o)
 .ARM.attributes
                0x0000000000000231       0x33 /Users/tomdeeds/Documents/LPCXpresso_8.2.2/workspace/lpc_chip_175x_6x/Debug/liblpc_chip_175x_6x.a(sysinit_17xx_40xx.o)
 .ARM.attributes
                0x0000000000000264       0x33 /Users/tomdeeds/Documents/LPCXpresso_8.2.2/workspace/lpc_chip_175x_6x/Debug/liblpc_chip_175x_6x.a(uart_17xx_40xx.o)
 .ARM.attributes
                0x0000000000000297       0x33 /Applications/lpcxpresso_8.2.2_650/lpcxpresso/tools/bin/../lib/gcc/arm-none-eabi/5.4.1/../../../../arm-none-eabi/lib/armv7-m/libcr_c.a(memcpy.o)
 .ARM.attributes
                0x00000000000002ca       0x33 /Applications/lpcxpresso_8.2.2_650/lpcxpresso/tools/bin/../lib/gcc/arm-none-eabi/5.4.1/../../../../arm-none-eabi/lib/armv7-m/libcr_c.a(__weak__main.o)
 .ARM.attributes
                0x00000000000002fd       0x21 /Applications/lpcxpresso_8.2.2_650/lpcxpresso/tools/bin/../lib/gcc/arm-none-eabi/5.4.1/armv7-m/libcr_eabihelpers.a(memcpy.o)

.debug_frame    0x0000000000000000     0x1dbc
 .debug_frame   0x0000000000000000      0x170 ./src/cr_startup_lpc175x_6x.o
 .debug_frame   0x0000000000000170       0x34 ./src/sysinit.o
 .debug_frame   0x00000000000001a4      0x3fc ./src/virtual_cane.o
 .debug_frame   0x00000000000005a0      0x5d4 /Users/tomdeeds/Documents/LPCXpresso_8.2.2/workspace/lpc_board_nxp_lpcxpresso_1769/Debug/liblpc_board_nxp_lpcxpresso_1769.a(board.o)
 .debug_frame   0x0000000000000b74       0x8c /Users/tomdeeds/Documents/LPCXpresso_8.2.2/workspace/lpc_board_nxp_lpcxpresso_1769/Debug/liblpc_board_nxp_lpcxpresso_1769.a(board_sysinit.o)
 .debug_frame   0x0000000000000c00       0x88 /Users/tomdeeds/Documents/LPCXpresso_8.2.2/workspace/lpc_chip_175x_6x/Debug/liblpc_chip_175x_6x.a(chip_17xx_40xx.o)
 .debug_frame   0x0000000000000c88      0x490 /Users/tomdeeds/Documents/LPCXpresso_8.2.2/workspace/lpc_chip_175x_6x/Debug/liblpc_chip_175x_6x.a(clock_17xx_40xx.o)
 .debug_frame   0x0000000000001118      0x4c8 /Users/tomdeeds/Documents/LPCXpresso_8.2.2/workspace/lpc_chip_175x_6x/Debug/liblpc_chip_175x_6x.a(i2c_17xx_40xx.o)
 .debug_frame   0x00000000000015e0       0x80 /Users/tomdeeds/Documents/LPCXpresso_8.2.2/workspace/lpc_chip_175x_6x/Debug/liblpc_chip_175x_6x.a(iocon_17xx_40xx.o)
 .debug_frame   0x0000000000001660       0xf8 /Users/tomdeeds/Documents/LPCXpresso_8.2.2/workspace/lpc_chip_175x_6x/Debug/liblpc_chip_175x_6x.a(pwm_17xx_40xx.o)
 .debug_frame   0x0000000000001758      0x12c /Users/tomdeeds/Documents/LPCXpresso_8.2.2/workspace/lpc_chip_175x_6x/Debug/liblpc_chip_175x_6x.a(sysinit_17xx_40xx.o)
 .debug_frame   0x0000000000001884      0x538 /Users/tomdeeds/Documents/LPCXpresso_8.2.2/workspace/lpc_chip_175x_6x/Debug/liblpc_chip_175x_6x.a(uart_17xx_40xx.o)
